Java HotSpot(TM) 64-Bit Server VM (25.202-b08) for linux-amd64 JRE (1.8.0_202-b08), built on Dec 15 2018 12:40:22 by "java_re" with gcc 7.3.0
Memory: 4k page, physical 263593784k(227364752k free), swap 67108860k(67108860k free)
CommandLine flags: -XX:InitialHeapSize=536870912 -XX:MaxHeapSize=536870912 -XX:+PrintGC -XX:+PrintGCDateStamps -XX:+PrintGCDetails -XX:+PrintGCTimeStamps -XX:+UseCompressedClassPointers -XX:+UseCompressedOops -XX:+UseG1GC 
2021-01-22T10:20:07.193+0800: 0.188: [GC pause (G1 Evacuation Pause) (young), 0.0090195 secs]
   [Parallel Time: 5.5 ms, GC Workers: 28]
      [GC Worker Start (ms): Min: 187.8, Avg: 188.3, Max: 189.0, Diff: 1.2]
      [Ext Root Scanning (ms): Min: 0.0, Avg: 0.4, Max: 0.8, Diff: 0.8, Sum: 11.4]
      [Update RS (ms): Min: 0.0, Avg: 0.0, Max: 0.0, Diff: 0.0, Sum: 0.1]
         [Processed Buffers: Min: 0, Avg: 0.0, Max: 0, Diff: 0, Sum: 0]
      [Scan RS (ms): Min: 0.0, Avg: 0.0, Max: 0.0, Diff: 0.0, Sum: 0.2]
      [Code Root Scanning (ms): Min: 0.0, Avg: 0.0, Max: 0.0, Diff: 0.0, Sum: 0.0]
      [Object Copy (ms): Min: 1.4, Avg: 1.8, Max: 3.2, Diff: 1.8, Sum: 50.7]
      [Termination (ms): Min: 0.0, Avg: 2.0, Max: 2.4, Diff: 2.4, Sum: 56.3]
         [Termination Attempts: Min: 1, Avg: 2.6, Max: 6, Diff: 5, Sum: 73]
      [GC Worker Other (ms): Min: 0.0, Avg: 0.0, Max: 0.0, Diff: 0.0, Sum: 0.7]
      [GC Worker Total (ms): Min: 3.2, Avg: 4.3, Max: 5.0, Diff: 1.7, Sum: 119.4]
      [GC Worker End (ms): Min: 192.2, Avg: 192.6, Max: 192.8, Diff: 0.7]
   [Code Root Fixup: 0.0 ms]
   [Code Root Purge: 0.0 ms]
   [Clear CT: 1.0 ms]
   [Other: 2.5 ms]
      [Choose CSet: 0.0 ms]
      [Ref Proc: 1.1 ms]
      [Ref Enq: 0.0 ms]
      [Redirty Cards: 0.8 ms]
      [Humongous Register: 0.0 ms]
      [Humongous Reclaim: 0.0 ms]
      [Free CSet: 0.2 ms]
   [Eden: 25.0M(25.0M)->0.0B(24.0M) Survivors: 0.0B->4096.0K Heap: 26.9M(512.0M)->9811.0K(512.0M)]
 [Times: user=0.10 sys=0.02, real=0.01 secs] 
2021-01-22T10:20:07.226+0800: 0.220: [GC pause (G1 Evacuation Pause) (young), 0.0072185 secs]
   [Parallel Time: 4.0 ms, GC Workers: 28]
      [GC Worker Start (ms): Min: 220.4, Avg: 220.7, Max: 221.0, Diff: 0.6]
      [Ext Root Scanning (ms): Min: 0.2, Avg: 0.5, Max: 0.8, Diff: 0.6, Sum: 13.7]
      [Update RS (ms): Min: 0.0, Avg: 0.1, Max: 0.5, Diff: 0.5, Sum: 2.8]
         [Processed Buffers: Min: 0, Avg: 0.7, Max: 3, Diff: 3, Sum: 19]
      [Scan RS (ms): Min: 0.0, Avg: 0.0, Max: 0.0, Diff: 0.0, Sum: 0.2]
      [Code Root Scanning (ms): Min: 0.0, Avg: 0.0, Max: 0.1, Diff: 0.1, Sum: 0.1]
      [Object Copy (ms): Min: 1.3, Avg: 1.8, Max: 2.4, Diff: 1.1, Sum: 50.1]
      [Termination (ms): Min: 0.0, Avg: 0.6, Max: 1.0, Diff: 1.0, Sum: 17.1]
         [Termination Attempts: Min: 1, Avg: 1.0, Max: 1, Diff: 0, Sum: 28]
      [GC Worker Other (ms): Min: 0.0, Avg: 0.0, Max: 0.0, Diff: 0.0, Sum: 0.4]
      [GC Worker Total (ms): Min: 2.7, Avg: 3.0, Max: 3.3, Diff: 0.6, Sum: 84.3]
      [GC Worker End (ms): Min: 223.6, Avg: 223.7, Max: 224.0, Diff: 0.4]
   [Code Root Fixup: 0.0 ms]
   [Code Root Purge: 0.0 ms]
   [Clear CT: 1.0 ms]
   [Other: 2.2 ms]
      [Choose CSet: 0.0 ms]
      [Ref Proc: 0.9 ms]
      [Ref Enq: 0.0 ms]
      [Redirty Cards: 0.9 ms]
      [Humongous Register: 0.0 ms]
      [Humongous Reclaim: 0.1 ms]
      [Free CSet: 0.1 ms]
   [Eden: 24.0M(24.0M)->0.0B(51.0M) Survivors: 4096.0K->4096.0K Heap: 44.1M(512.0M)->21.8M(512.0M)]
 [Times: user=0.05 sys=0.04, real=0.00 secs] 
2021-01-22T10:20:07.276+0800: 0.270: [GC pause (G1 Evacuation Pause) (young), 0.0087461 secs]
   [Parallel Time: 5.4 ms, GC Workers: 28]
      [GC Worker Start (ms): Min: 270.0, Avg: 270.3, Max: 270.7, Diff: 0.7]
      [Ext Root Scanning (ms): Min: 0.0, Avg: 0.4, Max: 0.7, Diff: 0.7, Sum: 10.6]
      [Update RS (ms): Min: 0.0, Avg: 0.1, Max: 0.6, Diff: 0.6, Sum: 2.7]
         [Processed Buffers: Min: 0, Avg: 1.0, Max: 3, Diff: 3, Sum: 27]
      [Scan RS (ms): Min: 0.0, Avg: 0.0, Max: 0.0, Diff: 0.0, Sum: 0.3]
      [Code Root Scanning (ms): Min: 0.0, Avg: 0.0, Max: 0.0, Diff: 0.0, Sum: 0.0]
      [Object Copy (ms): Min: 2.3, Avg: 2.9, Max: 3.6, Diff: 1.3, Sum: 80.6]
      [Termination (ms): Min: 0.0, Avg: 1.0, Max: 1.6, Diff: 1.6, Sum: 28.9]
         [Termination Attempts: Min: 1, Avg: 1.0, Max: 1, Diff: 0, Sum: 28]
      [GC Worker Other (ms): Min: 0.0, Avg: 0.0, Max: 0.0, Diff: 0.0, Sum: 0.6]
      [GC Worker Total (ms): Min: 3.9, Avg: 4.4, Max: 5.0, Diff: 1.0, Sum: 123.8]
      [GC Worker End (ms): Min: 274.4, Avg: 274.7, Max: 275.1, Diff: 0.7]
   [Code Root Fixup: 0.0 ms]
   [Code Root Purge: 0.0 ms]
   [Clear CT: 0.9 ms]
   [Other: 2.5 ms]
      [Choose CSet: 0.0 ms]
      [Ref Proc: 1.3 ms]
      [Ref Enq: 0.0 ms]
      [Redirty Cards: 0.9 ms]
      [Humongous Register: 0.0 ms]
      [Humongous Reclaim: 0.1 ms]
      [Free CSet: 0.1 ms]
   [Eden: 51.0M(51.0M)->0.0B(300.0M) Survivors: 4096.0K->7168.0K Heap: 90.2M(512.0M)->44.9M(512.0M)]
 [Times: user=0.06 sys=0.08, real=0.00 secs] 
2021-01-22T10:20:07.531+0800: 0.525: [GC pause (G1 Evacuation Pause) (young) (to-space exhausted), 0.0128075 secs]
   [Parallel Time: 6.4 ms, GC Workers: 28]
      [GC Worker Start (ms): Min: 525.8, Avg: 526.2, Max: 526.5, Diff: 0.7]
      [Ext Root Scanning (ms): Min: 0.0, Avg: 0.4, Max: 0.7, Diff: 0.7, Sum: 11.6]
      [Update RS (ms): Min: 1.0, Avg: 1.2, Max: 1.4, Diff: 0.4, Sum: 33.6]
         [Processed Buffers: Min: 1, Avg: 1.2, Max: 2, Diff: 1, Sum: 35]
      [Scan RS (ms): Min: 0.0, Avg: 0.1, Max: 0.2, Diff: 0.2, Sum: 1.8]
      [Code Root Scanning (ms): Min: 0.0, Avg: 0.0, Max: 0.0, Diff: 0.0, Sum: 0.0]
      [Object Copy (ms): Min: 3.7, Avg: 3.9, Max: 4.0, Diff: 0.3, Sum: 108.8]
      [Termination (ms): Min: 0.0, Avg: 0.0, Max: 0.1, Diff: 0.1, Sum: 1.4]
         [Termination Attempts: Min: 1, Avg: 2.5, Max: 5, Diff: 4, Sum: 70]
      [GC Worker Other (ms): Min: 0.0, Avg: 0.1, Max: 0.3, Diff: 0.3, Sum: 3.1]
      [GC Worker Total (ms): Min: 5.3, Avg: 5.7, Max: 6.1, Diff: 0.8, Sum: 160.5]
      [GC Worker End (ms): Min: 531.8, Avg: 531.9, Max: 532.1, Diff: 0.3]
   [Code Root Fixup: 0.0 ms]
   [Code Root Purge: 0.0 ms]
   [Clear CT: 0.9 ms]
   [Other: 5.5 ms]
      [Evacuation Failure: 2.3 ms]
      [Choose CSet: 0.0 ms]
      [Ref Proc: 1.2 ms]
      [Ref Enq: 0.0 ms]
      [Redirty Cards: 0.9 ms]
      [Humongous Register: 0.1 ms]
      [Humongous Reclaim: 0.5 ms]
      [Free CSet: 0.2 ms]
   [Eden: 300.0M(300.0M)->0.0B(72.0M) Survivors: 7168.0K->17.0M Heap: 435.7M(512.0M)->339.3M(512.0M)]
 [Times: user=0.10 sys=0.09, real=0.01 secs] 
2021-01-22T10:20:07.545+0800: 0.539: [GC pause (G1 Humongous Allocation) (young) (initial-mark), 0.0055737 secs]
   [Parallel Time: 2.4 ms, GC Workers: 28]
      [GC Worker Start (ms): Min: 539.6, Avg: 539.9, Max: 540.2, Diff: 0.5]
      [Ext Root Scanning (ms): Min: 0.1, Avg: 0.4, Max: 0.6, Diff: 0.5, Sum: 11.1]
      [Update RS (ms): Min: 0.0, Avg: 0.1, Max: 0.2, Diff: 0.2, Sum: 2.4]
         [Processed Buffers: Min: 0, Avg: 1.0, Max: 2, Diff: 2, Sum: 29]
      [Scan RS (ms): Min: 0.0, Avg: 0.0, Max: 0.0, Diff: 0.0, Sum: 0.1]
      [Code Root Scanning (ms): Min: 0.0, Avg: 0.0, Max: 0.0, Diff: 0.0, Sum: 0.0]
      [Object Copy (ms): Min: 0.9, Avg: 1.1, Max: 1.3, Diff: 0.3, Sum: 30.0]
      [Termination (ms): Min: 0.0, Avg: 0.2, Max: 0.4, Diff: 0.4, Sum: 6.1]
         [Termination Attempts: Min: 1, Avg: 1.0, Max: 1, Diff: 0, Sum: 28]
      [GC Worker Other (ms): Min: 0.0, Avg: 0.0, Max: 0.0, Diff: 0.0, Sum: 0.3]
      [GC Worker Total (ms): Min: 1.5, Avg: 1.8, Max: 2.2, Diff: 0.7, Sum: 50.1]
      [GC Worker End (ms): Min: 541.6, Avg: 541.7, Max: 541.8, Diff: 0.2]
   [Code Root Fixup: 0.0 ms]
   [Code Root Purge: 0.0 ms]
   [Clear CT: 1.0 ms]
   [Other: 2.2 ms]
      [Choose CSet: 0.0 ms]
      [Ref Proc: 1.0 ms]
      [Ref Enq: 0.0 ms]
      [Redirty Cards: 0.8 ms]
      [Humongous Register: 0.1 ms]
      [Humongous Reclaim: 0.0 ms]
      [Free CSet: 0.1 ms]
   [Eden: 4096.0K(72.0M)->0.0B(73.0M) Survivors: 17.0M->1024.0K Heap: 342.7M(512.0M)->339.7M(512.0M)]
 [Times: user=0.05 sys=0.01, real=0.00 secs] 
2021-01-22T10:20:07.551+0800: 0.545: [GC concurrent-root-region-scan-start]
2021-01-22T10:20:07.551+0800: 0.545: [GC concurrent-root-region-scan-end, 0.0003015 secs]
2021-01-22T10:20:07.551+0800: 0.545: [GC concurrent-mark-start]
2021-01-22T10:20:07.562+0800: 0.556: [GC concurrent-mark-end, 0.0108792 secs]
2021-01-22T10:20:07.562+0800: 0.557: [GC remark 2021-01-22T10:20:07.562+0800: 0.557: [Finalize Marking, 0.0011630 secs] 2021-01-22T10:20:07.564+0800: 0.558: [GC ref-proc, 0.0027983 secs] 2021-01-22T10:20:07.566+0800: 0.561: [Unloading, 0.0025097 secs], 0.0079523 secs]
 [Times: user=0.07 sys=0.00, real=0.01 secs] 
2021-01-22T10:20:07.570+0800: 0.565: [GC cleanup 382M->382M(512M), 0.0045584 secs]
 [Times: user=0.03 sys=0.00, real=0.01 secs] 
2021-01-22T10:20:07.587+0800: 0.582: [GC pause (G1 Evacuation Pause) (young), 0.0086851 secs]
   [Parallel Time: 5.2 ms, GC Workers: 28]
      [GC Worker Start (ms): Min: 581.9, Avg: 582.1, Max: 582.4, Diff: 0.5]
      [Ext Root Scanning (ms): Min: 0.1, Avg: 0.4, Max: 0.6, Diff: 0.5, Sum: 10.8]
      [Update RS (ms): Min: 1.4, Avg: 2.0, Max: 2.2, Diff: 0.9, Sum: 54.8]
         [Processed Buffers: Min: 1, Avg: 1.9, Max: 3, Diff: 2, Sum: 54]
      [Scan RS (ms): Min: 0.0, Avg: 0.0, Max: 0.1, Diff: 0.1, Sum: 0.4]
      [Code Root Scanning (ms): Min: 0.0, Avg: 0.0, Max: 0.0, Diff: 0.0, Sum: 0.0]
      [Object Copy (ms): Min: 1.0, Avg: 1.4, Max: 1.9, Diff: 0.9, Sum: 39.3]
      [Termination (ms): Min: 0.0, Avg: 0.6, Max: 0.8, Diff: 0.8, Sum: 17.2]
         [Termination Attempts: Min: 1, Avg: 1.0, Max: 1, Diff: 0, Sum: 28]
      [GC Worker Other (ms): Min: 0.0, Avg: 0.0, Max: 0.0, Diff: 0.0, Sum: 0.6]
      [GC Worker Total (ms): Min: 4.0, Avg: 4.4, Max: 4.7, Diff: 0.8, Sum: 123.1]
      [GC Worker End (ms): Min: 586.4, Avg: 586.5, Max: 586.7, Diff: 0.3]
   [Code Root Fixup: 0.0 ms]
   [Code Root Purge: 0.0 ms]
   [Clear CT: 1.1 ms]
   [Other: 2.4 ms]
      [Choose CSet: 0.0 ms]
      [Ref Proc: 0.9 ms]
      [Ref Enq: 0.0 ms]
      [Redirty Cards: 0.9 ms]
      [Humongous Register: 0.1 ms]
      [Humongous Reclaim: 0.1 ms]
      [Free CSet: 0.2 ms]
   [Eden: 73.0M(73.0M)->0.0B(15.0M) Survivors: 1024.0K->10.0M Heap: 429.2M(512.0M)->367.1M(512.0M)]
 [Times: user=0.12 sys=0.01, real=0.01 secs] 
2021-01-22T10:20:07.600+0800: 0.595: [GC pause (G1 Evacuation Pause) (mixed), 0.0064344 secs]
   [Parallel Time: 2.9 ms, GC Workers: 28]
      [GC Worker Start (ms): Min: 594.9, Avg: 595.2, Max: 595.5, Diff: 0.6]
      [Ext Root Scanning (ms): Min: 0.1, Avg: 0.4, Max: 0.7, Diff: 0.6, Sum: 11.1]
      [Update RS (ms): Min: 0.2, Avg: 0.8, Max: 1.1, Diff: 0.9, Sum: 22.9]
         [Processed Buffers: Min: 0, Avg: 1.4, Max: 3, Diff: 3, Sum: 39]
      [Scan RS (ms): Min: 0.0, Avg: 0.0, Max: 0.1, Diff: 0.1, Sum: 0.6]
      [Code Root Scanning (ms): Min: 0.0, Avg: 0.0, Max: 0.0, Diff: 0.0, Sum: 0.0]
      [Object Copy (ms): Min: 0.6, Avg: 0.9, Max: 1.6, Diff: 1.0, Sum: 26.0]
      [Termination (ms): Min: 0.0, Avg: 0.3, Max: 0.4, Diff: 0.4, Sum: 7.6]
         [Termination Attempts: Min: 1, Avg: 1.0, Max: 1, Diff: 0, Sum: 28]
      [GC Worker Other (ms): Min: 0.0, Avg: 0.0, Max: 0.0, Diff: 0.0, Sum: 0.5]
      [GC Worker Total (ms): Min: 2.1, Avg: 2.5, Max: 2.8, Diff: 0.8, Sum: 68.8]
      [GC Worker End (ms): Min: 597.6, Avg: 597.7, Max: 597.8, Diff: 0.2]
   [Code Root Fixup: 0.0 ms]
   [Code Root Purge: 0.0 ms]
   [Clear CT: 0.9 ms]
   [Other: 2.6 ms]
      [Choose CSet: 0.0 ms]
      [Ref Proc: 1.2 ms]
      [Ref Enq: 0.0 ms]
      [Redirty Cards: 0.9 ms]
      [Humongous Register: 0.1 ms]
      [Humongous Reclaim: 0.0 ms]
      [Free CSet: 0.2 ms]
   [Eden: 15.0M(15.0M)->0.0B(21.0M) Survivors: 10.0M->4096.0K Heap: 384.8M(512.0M)->321.0M(512.0M)]
 [Times: user=0.08 sys=0.01, real=0.01 secs] 
2021-01-22T10:20:07.612+0800: 0.607: [GC pause (G1 Evacuation Pause) (mixed), 0.0087442 secs]
   [Parallel Time: 5.1 ms, GC Workers: 28]
      [GC Worker Start (ms): Min: 607.0, Avg: 607.3, Max: 607.6, Diff: 0.6]
      [Ext Root Scanning (ms): Min: 0.2, Avg: 0.5, Max: 0.7, Diff: 0.6, Sum: 12.7]
      [Update RS (ms): Min: 1.5, Avg: 2.0, Max: 2.3, Diff: 0.8, Sum: 56.3]
         [Processed Buffers: Min: 1, Avg: 1.9, Max: 2, Diff: 1, Sum: 52]
      [Scan RS (ms): Min: 0.0, Avg: 0.0, Max: 0.1, Diff: 0.1, Sum: 0.6]
      [Code Root Scanning (ms): Min: 0.0, Avg: 0.0, Max: 0.0, Diff: 0.0, Sum: 0.0]
      [Object Copy (ms): Min: 0.9, Avg: 1.2, Max: 1.6, Diff: 0.7, Sum: 34.2]
      [Termination (ms): Min: 0.0, Avg: 0.5, Max: 0.8, Diff: 0.8, Sum: 13.3]
         [Termination Attempts: Min: 1, Avg: 1.0, Max: 2, Diff: 1, Sum: 29]
      [GC Worker Other (ms): Min: 0.0, Avg: 0.0, Max: 0.0, Diff: 0.0, Sum: 0.4]
      [GC Worker Total (ms): Min: 3.8, Avg: 4.2, Max: 4.7, Diff: 0.9, Sum: 117.4]
      [GC Worker End (ms): Min: 611.4, Avg: 611.5, Max: 611.7, Diff: 0.4]
   [Code Root Fixup: 0.0 ms]
   [Code Root Purge: 0.0 ms]
   [Clear CT: 0.9 ms]
   [Other: 2.7 ms]
      [Choose CSet: 0.0 ms]
      [Ref Proc: 1.3 ms]
      [Ref Enq: 0.0 ms]
      [Redirty Cards: 0.9 ms]
      [Humongous Register: 0.1 ms]
      [Humongous Reclaim: 0.0 ms]
      [Free CSet: 0.2 ms]
   [Eden: 21.0M(21.0M)->0.0B(21.0M) Survivors: 4096.0K->4096.0K Heap: 348.5M(512.0M)->287.3M(512.0M)]
 [Times: user=0.12 sys=0.01, real=0.01 secs] 
2021-01-22T10:20:07.626+0800: 0.620: [GC pause (G1 Evacuation Pause) (mixed), 0.0073259 secs]
   [Parallel Time: 3.5 ms, GC Workers: 28]
      [GC Worker Start (ms): Min: 620.7, Avg: 621.0, Max: 621.3, Diff: 0.6]
      [Ext Root Scanning (ms): Min: 0.0, Avg: 0.3, Max: 0.6, Diff: 0.6, Sum: 9.2]
      [Update RS (ms): Min: 0.1, Avg: 0.5, Max: 0.8, Diff: 0.7, Sum: 13.7]
         [Processed Buffers: Min: 0, Avg: 1.3, Max: 4, Diff: 4, Sum: 36]
      [Scan RS (ms): Min: 0.0, Avg: 0.0, Max: 0.1, Diff: 0.1, Sum: 0.6]
      [Code Root Scanning (ms): Min: 0.0, Avg: 0.0, Max: 0.0, Diff: 0.0, Sum: 0.0]
      [Object Copy (ms): Min: 1.4, Avg: 1.8, Max: 2.2, Diff: 0.8, Sum: 50.3]
      [Termination (ms): Min: 0.0, Avg: 0.2, Max: 0.4, Diff: 0.4, Sum: 6.0]
         [Termination Attempts: Min: 1, Avg: 1.0, Max: 1, Diff: 0, Sum: 28]
      [GC Worker Other (ms): Min: 0.0, Avg: 0.0, Max: 0.0, Diff: 0.0, Sum: 0.5]
      [GC Worker Total (ms): Min: 2.5, Avg: 2.9, Max: 3.1, Diff: 0.6, Sum: 80.3]
      [GC Worker End (ms): Min: 623.8, Avg: 623.9, Max: 624.0, Diff: 0.2]
   [Code Root Fixup: 0.0 ms]
   [Code Root Purge: 0.0 ms]
   [Clear CT: 0.9 ms]
   [Other: 3.0 ms]
      [Choose CSet: 0.0 ms]
      [Ref Proc: 1.6 ms]
      [Ref Enq: 0.0 ms]
      [Redirty Cards: 0.9 ms]
      [Humongous Register: 0.1 ms]
      [Humongous Reclaim: 0.0 ms]
      [Free CSet: 0.2 ms]
   [Eden: 21.0M(21.0M)->0.0B(21.0M) Survivors: 4096.0K->4096.0K Heap: 310.1M(512.0M)->256.2M(512.0M)]
 [Times: user=0.10 sys=0.01, real=0.00 secs] 
2021-01-22T10:20:07.639+0800: 0.633: [GC pause (G1 Evacuation Pause) (mixed), 0.0090823 secs]
   [Parallel Time: 5.5 ms, GC Workers: 28]
      [GC Worker Start (ms): Min: 633.6, Avg: 633.9, Max: 634.2, Diff: 0.5]
      [Ext Root Scanning (ms): Min: 0.1, Avg: 0.4, Max: 0.6, Diff: 0.5, Sum: 10.5]
      [Update RS (ms): Min: 1.2, Avg: 1.7, Max: 2.0, Diff: 0.7, Sum: 46.3]
         [Processed Buffers: Min: 1, Avg: 1.6, Max: 2, Diff: 1, Sum: 46]
      [Scan RS (ms): Min: 0.0, Avg: 0.0, Max: 0.1, Diff: 0.1, Sum: 0.7]
      [Code Root Scanning (ms): Min: 0.0, Avg: 0.0, Max: 0.0, Diff: 0.0, Sum: 0.0]
      [Object Copy (ms): Min: 1.7, Avg: 2.2, Max: 2.8, Diff: 1.1, Sum: 60.5]
      [Termination (ms): Min: 0.0, Avg: 0.5, Max: 0.8, Diff: 0.8, Sum: 15.3]
         [Termination Attempts: Min: 1, Avg: 1.0, Max: 1, Diff: 0, Sum: 28]
      [GC Worker Other (ms): Min: 0.0, Avg: 0.0, Max: 0.0, Diff: 0.0, Sum: 0.3]
      [GC Worker Total (ms): Min: 4.5, Avg: 4.8, Max: 5.2, Diff: 0.7, Sum: 133.8]
      [GC Worker End (ms): Min: 638.5, Avg: 638.7, Max: 638.9, Diff: 0.4]
   [Code Root Fixup: 0.0 ms]
   [Code Root Purge: 0.0 ms]
   [Clear CT: 1.2 ms]
   [Other: 2.3 ms]
      [Choose CSet: 0.0 ms]
      [Ref Proc: 0.9 ms]
      [Ref Enq: 0.0 ms]
      [Redirty Cards: 0.9 ms]
      [Humongous Register: 0.1 ms]
      [Humongous Reclaim: 0.1 ms]
      [Free CSet: 0.2 ms]
   [Eden: 21.0M(21.0M)->0.0B(21.0M) Survivors: 4096.0K->4096.0K Heap: 284.5M(512.0M)->228.1M(512.0M)]
 [Times: user=0.14 sys=0.00, real=0.01 secs] 
2021-01-22T10:20:07.654+0800: 0.649: [GC pause (G1 Evacuation Pause) (mixed), 0.0083428 secs]
   [Parallel Time: 5.0 ms, GC Workers: 28]
      [GC Worker Start (ms): Min: 649.0, Avg: 649.3, Max: 649.6, Diff: 0.6]
      [Ext Root Scanning (ms): Min: 0.2, Avg: 0.5, Max: 0.8, Diff: 0.6, Sum: 13.5]
      [Update RS (ms): Min: 2.1, Avg: 2.4, Max: 2.6, Diff: 0.5, Sum: 66.4]
         [Processed Buffers: Min: 2, Avg: 2.1, Max: 3, Diff: 1, Sum: 60]
      [Scan RS (ms): Min: 0.0, Avg: 0.0, Max: 0.1, Diff: 0.1, Sum: 0.3]
      [Code Root Scanning (ms): Min: 0.0, Avg: 0.0, Max: 0.0, Diff: 0.0, Sum: 0.0]
      [Object Copy (ms): Min: 0.5, Avg: 0.8, Max: 1.0, Diff: 0.5, Sum: 22.1]
      [Termination (ms): Min: 0.0, Avg: 0.4, Max: 0.8, Diff: 0.8, Sum: 11.7]
         [Termination Attempts: Min: 1, Avg: 1.1, Max: 2, Diff: 1, Sum: 32]
      [GC Worker Other (ms): Min: 0.0, Avg: 0.0, Max: 0.0, Diff: 0.0, Sum: 0.5]
      [GC Worker Total (ms): Min: 3.7, Avg: 4.1, Max: 4.6, Diff: 0.9, Sum: 114.6]
      [GC Worker End (ms): Min: 653.2, Avg: 653.4, Max: 653.6, Diff: 0.4]
   [Code Root Fixup: 0.0 ms]
   [Code Root Purge: 0.0 ms]
   [Clear CT: 0.9 ms]
   [Other: 2.5 ms]
      [Choose CSet: 0.0 ms]
      [Ref Proc: 1.3 ms]
      [Ref Enq: 0.0 ms]
      [Redirty Cards: 0.9 ms]
      [Humongous Register: 0.1 ms]
      [Humongous Reclaim: 0.0 ms]
      [Free CSet: 0.1 ms]
   [Eden: 21.0M(21.0M)->0.0B(148.0M) Survivors: 4096.0K->4096.0K Heap: 257.1M(512.0M)->234.3M(512.0M)]
 [Times: user=0.13 sys=0.00, real=0.01 secs] 
2021-01-22T10:20:07.664+0800: 0.658: [GC pause (G1 Humongous Allocation) (young) (initial-mark), 0.0052158 secs]
   [Parallel Time: 1.8 ms, GC Workers: 28]
      [GC Worker Start (ms): Min: 658.3, Avg: 658.5, Max: 658.8, Diff: 0.6]
      [Ext Root Scanning (ms): Min: 0.1, Avg: 0.4, Max: 0.7, Diff: 0.6, Sum: 11.9]
      [Update RS (ms): Min: 0.0, Avg: 0.1, Max: 0.2, Diff: 0.2, Sum: 1.8]
         [Processed Buffers: Min: 0, Avg: 0.6, Max: 1, Diff: 1, Sum: 16]
      [Scan RS (ms): Min: 0.0, Avg: 0.0, Max: 0.0, Diff: 0.0, Sum: 0.1]
      [Code Root Scanning (ms): Min: 0.0, Avg: 0.0, Max: 0.0, Diff: 0.0, Sum: 0.0]
      [Object Copy (ms): Min: 0.0, Avg: 0.1, Max: 0.4, Diff: 0.4, Sum: 4.2]
      [Termination (ms): Min: 0.0, Avg: 0.3, Max: 0.5, Diff: 0.5, Sum: 9.6]
         [Termination Attempts: Min: 1, Avg: 1.4, Max: 5, Diff: 4, Sum: 40]
      [GC Worker Other (ms): Min: 0.0, Avg: 0.0, Max: 0.0, Diff: 0.0, Sum: 0.5]
      [GC Worker Total (ms): Min: 0.7, Avg: 1.0, Max: 1.3, Diff: 0.5, Sum: 28.0]
      [GC Worker End (ms): Min: 659.4, Avg: 659.5, Max: 659.7, Diff: 0.2]
   [Code Root Fixup: 0.0 ms]
   [Code Root Purge: 0.0 ms]
   [Clear CT: 0.9 ms]
   [Other: 2.5 ms]
      [Choose CSet: 0.0 ms]
      [Ref Proc: 1.2 ms]
      [Ref Enq: 0.0 ms]
      [Redirty Cards: 0.9 ms]
      [Humongous Register: 0.1 ms]
      [Humongous Reclaim: 0.0 ms]
      [Free CSet: 0.1 ms]
   [Eden: 2048.0K(148.0M)->0.0B(151.0M) Survivors: 4096.0K->5120.0K Heap: 236.1M(512.0M)->234.8M(512.0M)]
 [Times: user=0.04 sys=0.01, real=0.01 secs] 
2021-01-22T10:20:07.669+0800: 0.663: [GC concurrent-root-region-scan-start]
2021-01-22T10:20:07.669+0800: 0.664: [GC concurrent-root-region-scan-end, 0.0002629 secs]
2021-01-22T10:20:07.669+0800: 0.664: [GC concurrent-mark-start]
2021-01-22T10:20:07.673+0800: 0.667: [GC concurrent-mark-end, 0.0037381 secs]
2021-01-22T10:20:07.673+0800: 0.668: [GC remark 2021-01-22T10:20:07.673+0800: 0.668: [Finalize Marking, 0.0010177 secs] 2021-01-22T10:20:07.674+0800: 0.669: [GC ref-proc, 0.0028832 secs] 2021-01-22T10:20:07.677+0800: 0.672: [Unloading, 0.0021618 secs], 0.0070984 secs]
 [Times: user=0.06 sys=0.00, real=0.01 secs] 
2021-01-22T10:20:07.681+0800: 0.675: [GC cleanup 256M->256M(512M), 0.0043299 secs]
 [Times: user=0.04 sys=0.00, real=0.01 secs] 
2021-01-22T10:20:07.725+0800: 0.719: [GC pause (G1 Evacuation Pause) (young) (to-space exhausted), 0.0123947 secs]
   [Parallel Time: 7.1 ms, GC Workers: 28]
      [GC Worker Start (ms): Min: 719.5, Avg: 719.7, Max: 720.1, Diff: 0.6]
      [Ext Root Scanning (ms): Min: 0.0, Avg: 0.3, Max: 0.6, Diff: 0.6, Sum: 8.6]
      [Update RS (ms): Min: 2.3, Avg: 2.6, Max: 2.7, Diff: 0.4, Sum: 72.0]
         [Processed Buffers: Min: 2, Avg: 2.5, Max: 4, Diff: 2, Sum: 70]
      [Scan RS (ms): Min: 0.0, Avg: 0.0, Max: 0.1, Diff: 0.1, Sum: 0.9]
      [Code Root Scanning (ms): Min: 0.0, Avg: 0.0, Max: 0.0, Diff: 0.0, Sum: 0.0]
      [Object Copy (ms): Min: 2.5, Avg: 2.8, Max: 3.1, Diff: 0.6, Sum: 79.1]
      [Termination (ms): Min: 0.0, Avg: 0.3, Max: 0.8, Diff: 0.8, Sum: 9.7]
         [Termination Attempts: Min: 1, Avg: 1.0, Max: 1, Diff: 0, Sum: 28]
      [GC Worker Other (ms): Min: 0.0, Avg: 0.0, Max: 0.1, Diff: 0.1, Sum: 0.6]
      [GC Worker Total (ms): Min: 5.7, Avg: 6.1, Max: 6.6, Diff: 0.9, Sum: 170.9]
      [GC Worker End (ms): Min: 725.7, Avg: 725.8, Max: 726.1, Diff: 0.4]
   [Code Root Fixup: 0.0 ms]
   [Code Root Purge: 0.0 ms]
   [Clear CT: 1.3 ms]
   [Other: 4.1 ms]
      [Evacuation Failure: 1.0 ms]
      [Choose CSet: 0.0 ms]
      [Ref Proc: 1.2 ms]
      [Ref Enq: 0.0 ms]
      [Redirty Cards: 1.2 ms]
      [Humongous Register: 0.2 ms]
      [Humongous Reclaim: 0.2 ms]
      [Free CSet: 0.2 ms]
   [Eden: 151.0M(151.0M)->0.0B(5120.0K) Survivors: 5120.0K->20.0M Heap: 425.6M(512.0M)->355.3M(512.0M)]
 [Times: user=0.16 sys=0.01, real=0.02 secs] 
2021-01-22T10:20:07.739+0800: 0.733: [GC pause (G1 Evacuation Pause) (mixed), 0.0083820 secs]
   [Parallel Time: 4.8 ms, GC Workers: 28]
      [GC Worker Start (ms): Min: 733.6, Avg: 733.9, Max: 734.2, Diff: 0.6]
      [Ext Root Scanning (ms): Min: 0.1, Avg: 0.4, Max: 0.7, Diff: 0.6, Sum: 11.5]
      [Update RS (ms): Min: 0.0, Avg: 0.2, Max: 0.5, Diff: 0.4, Sum: 5.2]
         [Processed Buffers: Min: 0, Avg: 1.2, Max: 4, Diff: 4, Sum: 33]
      [Scan RS (ms): Min: 0.0, Avg: 0.0, Max: 0.2, Diff: 0.2, Sum: 1.1]
      [Code Root Scanning (ms): Min: 0.0, Avg: 0.0, Max: 0.0, Diff: 0.0, Sum: 0.0]
      [Object Copy (ms): Min: 2.4, Avg: 2.7, Max: 3.0, Diff: 0.5, Sum: 76.8]
      [Termination (ms): Min: 0.0, Avg: 0.2, Max: 0.5, Diff: 0.5, Sum: 7.0]
         [Termination Attempts: Min: 1, Avg: 1.1, Max: 2, Diff: 1, Sum: 30]
      [GC Worker Other (ms): Min: 0.0, Avg: 0.0, Max: 0.0, Diff: 0.0, Sum: 0.5]
      [GC Worker Total (ms): Min: 3.4, Avg: 3.6, Max: 4.1, Diff: 0.7, Sum: 102.1]
      [GC Worker End (ms): Min: 737.5, Avg: 737.5, Max: 737.7, Diff: 0.2]
   [Code Root Fixup: 0.0 ms]
   [Code Root Purge: 0.0 ms]
   [Clear CT: 0.9 ms]
   [Other: 2.7 ms]
      [Choose CSet: 0.0 ms]
      [Ref Proc: 1.3 ms]
      [Ref Enq: 0.0 ms]
      [Redirty Cards: 0.9 ms]
      [Humongous Register: 0.1 ms]
      [Humongous Reclaim: 0.0 ms]
      [Free CSet: 0.2 ms]
   [Eden: 5120.0K(5120.0K)->0.0B(73.0M) Survivors: 20.0M->2048.0K Heap: 361.1M(512.0M)->330.4M(512.0M)]
 [Times: user=0.10 sys=0.02, real=0.01 secs] 
2021-01-22T10:20:07.749+0800: 0.743: [GC pause (G1 Humongous Allocation) (young) (initial-mark), 0.0048970 secs]
   [Parallel Time: 1.6 ms, GC Workers: 28]
      [GC Worker Start (ms): Min: 743.2, Avg: 743.4, Max: 743.7, Diff: 0.6]
      [Ext Root Scanning (ms): Min: 0.2, Avg: 0.5, Max: 0.8, Diff: 0.6, Sum: 13.5]
      [Update RS (ms): Min: 0.1, Avg: 0.1, Max: 0.3, Diff: 0.2, Sum: 3.5]
         [Processed Buffers: Min: 0, Avg: 1.0, Max: 3, Diff: 3, Sum: 28]
      [Scan RS (ms): Min: 0.0, Avg: 0.0, Max: 0.0, Diff: 0.0, Sum: 0.1]
      [Code Root Scanning (ms): Min: 0.0, Avg: 0.0, Max: 0.0, Diff: 0.0, Sum: 0.0]
      [Object Copy (ms): Min: 0.0, Avg: 0.1, Max: 0.3, Diff: 0.3, Sum: 2.4]
      [Termination (ms): Min: 0.0, Avg: 0.3, Max: 0.5, Diff: 0.5, Sum: 8.0]
         [Termination Attempts: Min: 1, Avg: 1.0, Max: 1, Diff: 0, Sum: 28]
      [GC Worker Other (ms): Min: 0.0, Avg: 0.0, Max: 0.0, Diff: 0.0, Sum: 0.4]
      [GC Worker Total (ms): Min: 0.7, Avg: 1.0, Max: 1.3, Diff: 0.6, Sum: 27.9]
      [GC Worker End (ms): Min: 744.3, Avg: 744.4, Max: 744.6, Diff: 0.2]
   [Code Root Fixup: 0.0 ms]
   [Code Root Purge: 0.0 ms]
   [Clear CT: 1.2 ms]
   [Other: 2.1 ms]
      [Choose CSet: 0.0 ms]
      [Ref Proc: 0.9 ms]
      [Ref Enq: 0.0 ms]
      [Redirty Cards: 0.9 ms]
      [Humongous Register: 0.1 ms]
      [Humongous Reclaim: 0.0 ms]
      [Free CSet: 0.1 ms]
   [Eden: 3072.0K(73.0M)->0.0B(73.0M) Survivors: 2048.0K->3072.0K Heap: 333.4M(512.0M)->331.1M(512.0M)]
 [Times: user=0.04 sys=0.00, real=0.00 secs] 
2021-01-22T10:20:07.754+0800: 0.748: [GC concurrent-root-region-scan-start]
2021-01-22T10:20:07.754+0800: 0.748: [GC concurrent-root-region-scan-end, 0.0002786 secs]
2021-01-22T10:20:07.754+0800: 0.748: [GC concurrent-mark-start]
2021-01-22T10:20:07.758+0800: 0.752: [GC concurrent-mark-end, 0.0034753 secs]
2021-01-22T10:20:07.758+0800: 0.752: [GC remark 2021-01-22T10:20:07.758+0800: 0.752: [Finalize Marking, 0.0010078 secs] 2021-01-22T10:20:07.759+0800: 0.753: [GC ref-proc, 0.0031678 secs] 2021-01-22T10:20:07.762+0800: 0.756: [Unloading, 0.0022086 secs], 0.0080669 secs]
 [Times: user=0.06 sys=0.01, real=0.01 secs] 
2021-01-22T10:20:07.766+0800: 0.760: [GC cleanup 351M->350M(512M), 0.0047121 secs]
 [Times: user=0.03 sys=0.01, real=0.00 secs] 
2021-01-22T10:20:07.771+0800: 0.765: [GC concurrent-cleanup-start]
2021-01-22T10:20:07.771+0800: 0.765: [GC concurrent-cleanup-end, 0.0000265 secs]
2021-01-22T10:20:07.786+0800: 0.781: [GC pause (G1 Evacuation Pause) (young), 0.0106868 secs]
   [Parallel Time: 6.5 ms, GC Workers: 28]
      [GC Worker Start (ms): Min: 781.0, Avg: 781.3, Max: 781.6, Diff: 0.6]
      [Ext Root Scanning (ms): Min: 0.1, Avg: 0.4, Max: 0.6, Diff: 0.6, Sum: 10.1]
      [Update RS (ms): Min: 2.5, Avg: 2.9, Max: 3.3, Diff: 0.8, Sum: 82.3]
         [Processed Buffers: Min: 2, Avg: 2.7, Max: 3, Diff: 1, Sum: 76]
      [Scan RS (ms): Min: 0.0, Avg: 0.0, Max: 0.1, Diff: 0.1, Sum: 0.6]
      [Code Root Scanning (ms): Min: 0.0, Avg: 0.0, Max: 0.0, Diff: 0.0, Sum: 0.0]
      [Object Copy (ms): Min: 1.4, Avg: 1.8, Max: 2.4, Diff: 1.1, Sum: 51.7]
      [Termination (ms): Min: 0.0, Avg: 0.4, Max: 0.8, Diff: 0.8, Sum: 11.0]
         [Termination Attempts: Min: 1, Avg: 1.0, Max: 1, Diff: 0, Sum: 28]
      [GC Worker Other (ms): Min: 0.0, Avg: 0.0, Max: 0.0, Diff: 0.0, Sum: 0.6]
      [GC Worker Total (ms): Min: 5.3, Avg: 5.6, Max: 5.9, Diff: 0.7, Sum: 156.4]
      [GC Worker End (ms): Min: 786.8, Avg: 786.9, Max: 787.2, Diff: 0.4]
   [Code Root Fixup: 0.0 ms]
   [Code Root Purge: 0.0 ms]
   [Clear CT: 1.1 ms]
   [Other: 3.0 ms]
      [Choose CSet: 0.0 ms]
      [Ref Proc: 1.5 ms]
      [Ref Enq: 0.0 ms]
      [Redirty Cards: 0.9 ms]
      [Humongous Register: 0.2 ms]
      [Humongous Reclaim: 0.1 ms]
      [Free CSet: 0.2 ms]
   [Eden: 73.0M(73.0M)->0.0B(15.0M) Survivors: 3072.0K->10.0M Heap: 426.7M(512.0M)->360.6M(512.0M)]
 [Times: user=0.16 sys=0.01, real=0.01 secs] 
2021-01-22T10:20:07.801+0800: 0.796: [GC pause (G1 Evacuation Pause) (mixed), 0.0078235 secs]
   [Parallel Time: 4.2 ms, GC Workers: 28]
      [GC Worker Start (ms): Min: 795.8, Avg: 796.1, Max: 796.4, Diff: 0.6]
      [Ext Root Scanning (ms): Min: 0.1, Avg: 0.5, Max: 0.7, Diff: 0.6, Sum: 12.7]
      [Update RS (ms): Min: 0.3, Avg: 1.0, Max: 1.2, Diff: 0.9, Sum: 28.2]
         [Processed Buffers: Min: 1, Avg: 1.5, Max: 3, Diff: 2, Sum: 42]
      [Scan RS (ms): Min: 0.0, Avg: 0.0, Max: 0.2, Diff: 0.2, Sum: 0.5]
      [Code Root Scanning (ms): Min: 0.0, Avg: 0.0, Max: 0.0, Diff: 0.0, Sum: 0.0]
      [Object Copy (ms): Min: 1.1, Avg: 1.3, Max: 1.9, Diff: 0.9, Sum: 36.2]
      [Termination (ms): Min: 0.0, Avg: 0.5, Max: 0.8, Diff: 0.8, Sum: 14.3]
         [Termination Attempts: Min: 1, Avg: 1.3, Max: 3, Diff: 2, Sum: 36]
      [GC Worker Other (ms): Min: 0.0, Avg: 0.0, Max: 0.0, Diff: 0.0, Sum: 0.5]
      [GC Worker Total (ms): Min: 2.8, Avg: 3.3, Max: 3.8, Diff: 1.0, Sum: 92.4]
      [GC Worker End (ms): Min: 799.2, Avg: 799.4, Max: 799.6, Diff: 0.4]
   [Code Root Fixup: 0.0 ms]
   [Code Root Purge: 0.0 ms]
   [Clear CT: 1.0 ms]
   [Other: 2.6 ms]
      [Choose CSet: 0.0 ms]
      [Ref Proc: 1.2 ms]
      [Ref Enq: 0.0 ms]
      [Redirty Cards: 0.9 ms]
      [Humongous Register: 0.2 ms]
      [Humongous Reclaim: 0.0 ms]
      [Free CSet: 0.2 ms]
   [Eden: 15.0M(15.0M)->0.0B(21.0M) Survivors: 10.0M->4096.0K Heap: 378.9M(512.0M)->319.0M(512.0M)]
 [Times: user=0.10 sys=0.01, real=0.01 secs] 
2021-01-22T10:20:07.815+0800: 0.810: [GC pause (G1 Evacuation Pause) (mixed), 0.0100232 secs]
   [Parallel Time: 6.5 ms, GC Workers: 28]
      [GC Worker Start (ms): Min: 810.0, Avg: 810.3, Max: 810.6, Diff: 0.6]
      [Ext Root Scanning (ms): Min: 0.1, Avg: 0.4, Max: 0.7, Diff: 0.6, Sum: 11.1]
      [Update RS (ms): Min: 2.5, Avg: 2.8, Max: 3.2, Diff: 0.6, Sum: 78.4]
         [Processed Buffers: Min: 2, Avg: 2.9, Max: 5, Diff: 3, Sum: 80]
      [Scan RS (ms): Min: 0.0, Avg: 0.0, Max: 0.1, Diff: 0.1, Sum: 0.8]
      [Code Root Scanning (ms): Min: 0.0, Avg: 0.0, Max: 0.0, Diff: 0.0, Sum: 0.0]
      [Object Copy (ms): Min: 1.7, Avg: 2.2, Max: 2.6, Diff: 0.8, Sum: 61.4]
      [Termination (ms): Min: 0.0, Avg: 0.3, Max: 0.5, Diff: 0.5, Sum: 7.1]
         [Termination Attempts: Min: 1, Avg: 1.0, Max: 1, Diff: 0, Sum: 28]
      [GC Worker Other (ms): Min: 0.0, Avg: 0.0, Max: 0.0, Diff: 0.0, Sum: 0.5]
      [GC Worker Total (ms): Min: 5.3, Avg: 5.7, Max: 6.0, Diff: 0.7, Sum: 159.4]
      [GC Worker End (ms): Min: 815.9, Avg: 816.0, Max: 816.2, Diff: 0.2]
   [Code Root Fixup: 0.0 ms]
   [Code Root Purge: 0.0 ms]
   [Clear CT: 0.9 ms]
   [Other: 2.6 ms]
      [Choose CSet: 0.0 ms]
      [Ref Proc: 1.2 ms]
      [Ref Enq: 0.0 ms]
      [Redirty Cards: 0.9 ms]
      [Humongous Register: 0.2 ms]
      [Humongous Reclaim: 0.1 ms]
      [Free CSet: 0.2 ms]
   [Eden: 21.0M(21.0M)->0.0B(21.0M) Survivors: 4096.0K->4096.0K Heap: 348.6M(512.0M)->293.6M(512.0M)]
 [Times: user=0.17 sys=0.00, real=0.01 secs] 
2021-01-22T10:20:07.831+0800: 0.826: [GC pause (G1 Evacuation Pause) (mixed), 0.0082751 secs]
   [Parallel Time: 4.6 ms, GC Workers: 28]
      [GC Worker Start (ms): Min: 826.0, Avg: 826.3, Max: 826.6, Diff: 0.6]
      [Ext Root Scanning (ms): Min: 0.1, Avg: 0.4, Max: 0.7, Diff: 0.6, Sum: 12.4]
      [Update RS (ms): Min: 1.4, Avg: 2.0, Max: 2.3, Diff: 0.9, Sum: 54.7]
         [Processed Buffers: Min: 1, Avg: 2.8, Max: 6, Diff: 5, Sum: 77]
      [Scan RS (ms): Min: 0.0, Avg: 0.0, Max: 0.2, Diff: 0.2, Sum: 0.7]
      [Code Root Scanning (ms): Min: 0.0, Avg: 0.0, Max: 0.0, Diff: 0.0, Sum: 0.0]
      [Object Copy (ms): Min: 1.0, Avg: 1.3, Max: 1.8, Diff: 0.8, Sum: 37.3]
      [Termination (ms): Min: 0.0, Avg: 0.4, Max: 0.5, Diff: 0.5, Sum: 10.0]
         [Termination Attempts: Min: 1, Avg: 1.0, Max: 1, Diff: 0, Sum: 28]
      [GC Worker Other (ms): Min: 0.0, Avg: 0.0, Max: 0.0, Diff: 0.0, Sum: 0.6]
      [GC Worker Total (ms): Min: 3.8, Avg: 4.1, Max: 4.4, Diff: 0.6, Sum: 115.7]
      [GC Worker End (ms): Min: 830.4, Avg: 830.5, Max: 830.6, Diff: 0.2]
   [Code Root Fixup: 0.0 ms]
   [Code Root Purge: 0.0 ms]
   [Clear CT: 1.0 ms]
   [Other: 2.7 ms]
      [Choose CSet: 0.0 ms]
      [Ref Proc: 1.3 ms]
      [Ref Enq: 0.0 ms]
      [Redirty Cards: 1.0 ms]
      [Humongous Register: 0.2 ms]
      [Humongous Reclaim: 0.0 ms]
      [Free CSet: 0.1 ms]
   [Eden: 21.0M(21.0M)->0.0B(96.0M) Survivors: 4096.0K->4096.0K Heap: 320.6M(512.0M)->291.0M(512.0M)]
 [Times: user=0.13 sys=0.01, real=0.01 secs] 
2021-01-22T10:20:07.842+0800: 0.836: [GC pause (G1 Humongous Allocation) (young) (initial-mark), 0.0058670 secs]
   [Parallel Time: 2.3 ms, GC Workers: 28]
      [GC Worker Start (ms): Min: 836.2, Avg: 836.5, Max: 836.8, Diff: 0.6]
      [Ext Root Scanning (ms): Min: 0.2, Avg: 0.5, Max: 0.8, Diff: 0.6, Sum: 13.6]
      [Update RS (ms): Min: 0.0, Avg: 0.1, Max: 0.4, Diff: 0.4, Sum: 3.9]
         [Processed Buffers: Min: 0, Avg: 0.8, Max: 2, Diff: 2, Sum: 23]
      [Scan RS (ms): Min: 0.0, Avg: 0.0, Max: 0.0, Diff: 0.0, Sum: 0.1]
      [Code Root Scanning (ms): Min: 0.0, Avg: 0.0, Max: 0.0, Diff: 0.0, Sum: 0.0]
      [Object Copy (ms): Min: 0.0, Avg: 0.2, Max: 0.6, Diff: 0.6, Sum: 6.5]
      [Termination (ms): Min: 0.0, Avg: 0.5, Max: 0.8, Diff: 0.8, Sum: 13.8]
         [Termination Attempts: Min: 1, Avg: 1.0, Max: 1, Diff: 0, Sum: 28]
      [GC Worker Other (ms): Min: 0.0, Avg: 0.0, Max: 0.0, Diff: 0.0, Sum: 0.5]
      [GC Worker Total (ms): Min: 0.9, Avg: 1.4, Max: 1.8, Diff: 0.9, Sum: 38.4]
      [GC Worker End (ms): Min: 837.7, Avg: 837.9, Max: 838.1, Diff: 0.4]
   [Code Root Fixup: 0.0 ms]
   [Code Root Purge: 0.0 ms]
   [Clear CT: 1.1 ms]
   [Other: 2.4 ms]
      [Choose CSet: 0.0 ms]
      [Ref Proc: 1.1 ms]
      [Ref Enq: 0.0 ms]
      [Redirty Cards: 0.9 ms]
      [Humongous Register: 0.2 ms]
      [Humongous Reclaim: 0.0 ms]
      [Free CSet: 0.1 ms]
   [Eden: 7168.0K(96.0M)->0.0B(100.0M) Survivors: 4096.0K->6144.0K Heap: 297.8M(512.0M)->292.1M(512.0M)]
 [Times: user=0.04 sys=0.00, real=0.01 secs] 
2021-01-22T10:20:07.848+0800: 0.842: [GC concurrent-root-region-scan-start]
2021-01-22T10:20:07.848+0800: 0.842: [GC concurrent-root-region-scan-end, 0.0003205 secs]
2021-01-22T10:20:07.848+0800: 0.842: [GC concurrent-mark-start]
2021-01-22T10:20:07.851+0800: 0.845: [GC concurrent-mark-end, 0.0026930 secs]
2021-01-22T10:20:07.851+0800: 0.845: [GC remark 2021-01-22T10:20:07.851+0800: 0.845: [Finalize Marking, 0.0010209 secs] 2021-01-22T10:20:07.852+0800: 0.846: [GC ref-proc, 0.0031581 secs] 2021-01-22T10:20:07.855+0800: 0.850: [Unloading, 0.0023011 secs], 0.0075968 secs]
 [Times: user=0.07 sys=0.00, real=0.01 secs] 
2021-01-22T10:20:07.859+0800: 0.853: [GC cleanup 310M->310M(512M), 0.0045517 secs]
 [Times: user=0.02 sys=0.01, real=0.00 secs] 
2021-01-22T10:20:07.886+0800: 0.881: [GC pause (G1 Evacuation Pause) (young) (to-space exhausted), 0.0129398 secs]
   [Parallel Time: 8.0 ms, GC Workers: 28]
      [GC Worker Start (ms): Min: 880.9, Avg: 881.2, Max: 881.5, Diff: 0.6]
      [Ext Root Scanning (ms): Min: 0.1, Avg: 0.4, Max: 0.7, Diff: 0.6, Sum: 11.3]
      [Update RS (ms): Min: 3.5, Avg: 3.7, Max: 3.8, Diff: 0.3, Sum: 102.8]
         [Processed Buffers: Min: 3, Avg: 3.4, Max: 6, Diff: 3, Sum: 95]
      [Scan RS (ms): Min: 0.0, Avg: 0.0, Max: 0.1, Diff: 0.1, Sum: 0.6]
      [Code Root Scanning (ms): Min: 0.0, Avg: 0.0, Max: 0.0, Diff: 0.0, Sum: 0.0]
      [Object Copy (ms): Min: 2.4, Avg: 2.6, Max: 2.9, Diff: 0.5, Sum: 73.9]
      [Termination (ms): Min: 0.0, Avg: 0.3, Max: 0.5, Diff: 0.5, Sum: 9.7]
         [Termination Attempts: Min: 1, Avg: 1.0, Max: 2, Diff: 1, Sum: 29]
      [GC Worker Other (ms): Min: 0.0, Avg: 0.0, Max: 0.0, Diff: 0.0, Sum: 0.8]
      [GC Worker Total (ms): Min: 6.7, Avg: 7.1, Max: 7.4, Diff: 0.7, Sum: 199.2]
      [GC Worker End (ms): Min: 888.2, Avg: 888.3, Max: 888.4, Diff: 0.2]
   [Code Root Fixup: 0.0 ms]
   [Code Root Purge: 0.0 ms]
   [Clear CT: 1.0 ms]
   [Other: 4.0 ms]
      [Evacuation Failure: 0.9 ms]
      [Choose CSet: 0.0 ms]
      [Ref Proc: 1.2 ms]
      [Ref Enq: 0.0 ms]
      [Redirty Cards: 1.2 ms]
      [Humongous Register: 0.2 ms]
      [Humongous Reclaim: 0.1 ms]
      [Free CSet: 0.2 ms]
   [Eden: 100.0M(100.0M)->0.0B(11.0M) Survivors: 6144.0K->14.0M Heap: 420.0M(512.0M)->359.1M(512.0M)]
 [Times: user=0.21 sys=0.00, real=0.01 secs] 
2021-01-22T10:20:07.903+0800: 0.897: [GC pause (G1 Evacuation Pause) (mixed), 0.0091187 secs]
   [Parallel Time: 5.6 ms, GC Workers: 28]
      [GC Worker Start (ms): Min: 897.4, Avg: 897.6, Max: 898.1, Diff: 0.8]
      [Ext Root Scanning (ms): Min: 0.0, Avg: 0.4, Max: 0.7, Diff: 0.7, Sum: 11.1]
      [Update RS (ms): Min: 0.8, Avg: 1.0, Max: 1.2, Diff: 0.4, Sum: 29.2]
         [Processed Buffers: Min: 1, Avg: 1.9, Max: 4, Diff: 3, Sum: 52]
      [Scan RS (ms): Min: 0.0, Avg: 0.0, Max: 0.2, Diff: 0.2, Sum: 0.7]
      [Code Root Scanning (ms): Min: 0.0, Avg: 0.0, Max: 0.0, Diff: 0.0, Sum: 0.0]
      [Object Copy (ms): Min: 3.2, Avg: 3.3, Max: 3.5, Diff: 0.3, Sum: 93.0]
      [Termination (ms): Min: 0.0, Avg: 0.3, Max: 0.4, Diff: 0.4, Sum: 7.8]
         [Termination Attempts: Min: 1, Avg: 1.3, Max: 3, Diff: 2, Sum: 37]
      [GC Worker Other (ms): Min: 0.0, Avg: 0.0, Max: 0.0, Diff: 0.0, Sum: 0.4]
      [GC Worker Total (ms): Min: 4.6, Avg: 5.1, Max: 5.3, Diff: 0.8, Sum: 142.3]
      [GC Worker End (ms): Min: 902.7, Avg: 902.7, Max: 902.8, Diff: 0.2]
   [Code Root Fixup: 0.0 ms]
   [Code Root Purge: 0.0 ms]
   [Clear CT: 1.1 ms]
   [Other: 2.4 ms]
      [Choose CSet: 0.0 ms]
      [Ref Proc: 1.0 ms]
      [Ref Enq: 0.0 ms]
      [Redirty Cards: 0.9 ms]
      [Humongous Register: 0.2 ms]
      [Humongous Reclaim: 0.0 ms]
      [Free CSet: 0.2 ms]
   [Eden: 11.0M(11.0M)->0.0B(52.0M) Survivors: 14.0M->4096.0K Heap: 373.7M(512.0M)->341.9M(512.0M)]
 [Times: user=0.14 sys=0.00, real=0.01 secs] 
2021-01-22T10:20:07.913+0800: 0.907: [GC pause (G1 Humongous Allocation) (young) (initial-mark), 0.0048145 secs]
   [Parallel Time: 1.4 ms, GC Workers: 28]
      [GC Worker Start (ms): Min: 907.5, Avg: 907.8, Max: 908.1, Diff: 0.6]
      [Ext Root Scanning (ms): Min: 0.2, Avg: 0.5, Max: 0.7, Diff: 0.6, Sum: 13.4]
      [Update RS (ms): Min: 0.0, Avg: 0.1, Max: 0.3, Diff: 0.2, Sum: 3.9]
         [Processed Buffers: Min: 0, Avg: 0.9, Max: 3, Diff: 3, Sum: 26]
      [Scan RS (ms): Min: 0.0, Avg: 0.0, Max: 0.0, Diff: 0.0, Sum: 0.1]
      [Code Root Scanning (ms): Min: 0.0, Avg: 0.0, Max: 0.0, Diff: 0.0, Sum: 0.0]
      [Object Copy (ms): Min: 0.0, Avg: 0.1, Max: 0.3, Diff: 0.3, Sum: 3.4]
      [Termination (ms): Min: 0.0, Avg: 0.2, Max: 0.4, Diff: 0.4, Sum: 6.1]
         [Termination Attempts: Min: 1, Avg: 1.0, Max: 1, Diff: 0, Sum: 28]
      [GC Worker Other (ms): Min: 0.0, Avg: 0.0, Max: 0.0, Diff: 0.0, Sum: 0.5]
      [GC Worker Total (ms): Min: 0.7, Avg: 1.0, Max: 1.3, Diff: 0.6, Sum: 27.4]
      [GC Worker End (ms): Min: 908.7, Avg: 908.8, Max: 908.9, Diff: 0.2]
   [Code Root Fixup: 0.0 ms]
   [Code Root Purge: 0.0 ms]
   [Clear CT: 0.9 ms]
   [Other: 2.5 ms]
      [Choose CSet: 0.0 ms]
      [Ref Proc: 1.3 ms]
      [Ref Enq: 0.0 ms]
      [Redirty Cards: 0.9 ms]
      [Humongous Register: 0.2 ms]
      [Humongous Reclaim: 0.0 ms]
      [Free CSet: 0.1 ms]
   [Eden: 3072.0K(52.0M)->0.0B(52.0M) Survivors: 4096.0K->4096.0K Heap: 344.6M(512.0M)->342.3M(512.0M)]
 [Times: user=0.04 sys=0.00, real=0.01 secs] 
2021-01-22T10:20:07.918+0800: 0.912: [GC concurrent-root-region-scan-start]
2021-01-22T10:20:07.918+0800: 0.913: [GC concurrent-root-region-scan-end, 0.0002797 secs]
2021-01-22T10:20:07.918+0800: 0.913: [GC concurrent-mark-start]
2021-01-22T10:20:07.923+0800: 0.917: [GC concurrent-mark-end, 0.0045278 secs]
2021-01-22T10:20:07.923+0800: 0.917: [GC remark 2021-01-22T10:20:07.923+0800: 0.917: [Finalize Marking, 0.0010706 secs] 2021-01-22T10:20:07.924+0800: 0.918: [GC ref-proc, 0.0027913 secs] 2021-01-22T10:20:07.927+0800: 0.921: [Unloading, 0.0021862 secs], 0.0074290 secs]
 [Times: user=0.06 sys=0.01, real=0.01 secs] 
2021-01-22T10:20:07.931+0800: 0.925: [GC cleanup 364M->363M(512M), 0.0043275 secs]
 [Times: user=0.03 sys=0.00, real=0.01 secs] 
2021-01-22T10:20:07.935+0800: 0.929: [GC concurrent-cleanup-start]
2021-01-22T10:20:07.935+0800: 0.929: [GC concurrent-cleanup-end, 0.0000188 secs]
2021-01-22T10:20:07.944+0800: 0.939: [GC pause (G1 Evacuation Pause) (young), 0.0099795 secs]
   [Parallel Time: 6.3 ms, GC Workers: 28]
      [GC Worker Start (ms): Min: 938.8, Avg: 939.2, Max: 939.5, Diff: 0.7]
      [Ext Root Scanning (ms): Min: 0.0, Avg: 0.3, Max: 0.7, Diff: 0.7, Sum: 9.6]
      [Update RS (ms): Min: 2.6, Avg: 3.0, Max: 3.3, Diff: 0.7, Sum: 84.2]
         [Processed Buffers: Min: 2, Avg: 3.0, Max: 5, Diff: 3, Sum: 83]
      [Scan RS (ms): Min: 0.0, Avg: 0.0, Max: 0.1, Diff: 0.1, Sum: 0.4]
      [Code Root Scanning (ms): Min: 0.0, Avg: 0.0, Max: 0.0, Diff: 0.0, Sum: 0.0]
      [Object Copy (ms): Min: 1.0, Avg: 1.5, Max: 1.9, Diff: 0.9, Sum: 40.7]
      [Termination (ms): Min: 0.0, Avg: 0.4, Max: 0.8, Diff: 0.8, Sum: 11.4]
         [Termination Attempts: Min: 1, Avg: 1.0, Max: 1, Diff: 0, Sum: 28]
      [GC Worker Other (ms): Min: 0.0, Avg: 0.0, Max: 0.0, Diff: 0.0, Sum: 0.6]
      [GC Worker Total (ms): Min: 4.9, Avg: 5.2, Max: 5.7, Diff: 0.8, Sum: 146.9]
      [GC Worker End (ms): Min: 944.3, Avg: 944.4, Max: 944.6, Diff: 0.4]
   [Code Root Fixup: 0.0 ms]
   [Code Root Purge: 0.0 ms]
   [Clear CT: 1.3 ms]
   [Other: 2.4 ms]
      [Choose CSet: 0.0 ms]
      [Ref Proc: 0.9 ms]
      [Ref Enq: 0.0 ms]
      [Redirty Cards: 0.9 ms]
      [Humongous Register: 0.2 ms]
      [Humongous Reclaim: 0.1 ms]
      [Free CSet: 0.2 ms]
   [Eden: 52.0M(52.0M)->0.0B(18.0M) Survivors: 4096.0K->7168.0K Heap: 402.4M(512.0M)->360.4M(512.0M)]
 [Times: user=0.16 sys=0.00, real=0.01 secs] 
2021-01-22T10:20:07.960+0800: 0.954: [GC pause (G1 Evacuation Pause) (mixed), 0.0088060 secs]
   [Parallel Time: 5.0 ms, GC Workers: 28]
      [GC Worker Start (ms): Min: 954.3, Avg: 954.6, Max: 955.0, Diff: 0.7]
      [Ext Root Scanning (ms): Min: 0.1, Avg: 0.4, Max: 0.7, Diff: 0.7, Sum: 11.7]
      [Update RS (ms): Min: 1.3, Avg: 1.5, Max: 1.9, Diff: 0.6, Sum: 42.4]
         [Processed Buffers: Min: 1, Avg: 2.0, Max: 4, Diff: 3, Sum: 57]
      [Scan RS (ms): Min: 0.0, Avg: 0.0, Max: 0.1, Diff: 0.1, Sum: 0.8]
      [Code Root Scanning (ms): Min: 0.0, Avg: 0.0, Max: 0.0, Diff: 0.0, Sum: 0.0]
      [Object Copy (ms): Min: 1.5, Avg: 2.0, Max: 2.5, Diff: 1.0, Sum: 57.0]
      [Termination (ms): Min: 0.0, Avg: 0.5, Max: 0.8, Diff: 0.8, Sum: 14.5]
         [Termination Attempts: Min: 1, Avg: 1.0, Max: 2, Diff: 1, Sum: 29]
      [GC Worker Other (ms): Min: 0.0, Avg: 0.0, Max: 0.0, Diff: 0.0, Sum: 0.6]
      [GC Worker Total (ms): Min: 4.1, Avg: 4.5, Max: 4.9, Diff: 0.8, Sum: 127.0]
      [GC Worker End (ms): Min: 959.0, Avg: 959.1, Max: 959.3, Diff: 0.4]
   [Code Root Fixup: 0.0 ms]
   [Code Root Purge: 0.0 ms]
   [Clear CT: 1.2 ms]
   [Other: 2.5 ms]
      [Choose CSet: 0.1 ms]
      [Ref Proc: 1.0 ms]
      [Ref Enq: 0.0 ms]
      [Redirty Cards: 0.9 ms]
      [Humongous Register: 0.2 ms]
      [Humongous Reclaim: 0.1 ms]
      [Free CSet: 0.2 ms]
   [Eden: 18.0M(18.0M)->0.0B(21.0M) Survivors: 7168.0K->4096.0K Heap: 383.1M(512.0M)->326.8M(512.0M)]
 [Times: user=0.13 sys=0.00, real=0.01 secs] 
2021-01-22T10:20:07.975+0800: 0.969: [GC pause (G1 Evacuation Pause) (mixed), 0.0094149 secs]
   [Parallel Time: 5.7 ms, GC Workers: 28]
      [GC Worker Start (ms): Min: 969.4, Avg: 969.7, Max: 970.3, Diff: 0.9]
      [Ext Root Scanning (ms): Min: 0.0, Avg: 0.5, Max: 0.8, Diff: 0.8, Sum: 13.5]
      [Update RS (ms): Min: 2.2, Avg: 2.4, Max: 2.6, Diff: 0.5, Sum: 68.2]
         [Processed Buffers: Min: 2, Avg: 2.9, Max: 5, Diff: 3, Sum: 80]
      [Scan RS (ms): Min: 0.0, Avg: 0.0, Max: 0.1, Diff: 0.1, Sum: 0.5]
      [Code Root Scanning (ms): Min: 0.0, Avg: 0.0, Max: 0.0, Diff: 0.0, Sum: 0.0]
      [Object Copy (ms): Min: 1.4, Avg: 1.7, Max: 1.9, Diff: 0.4, Sum: 47.0]
      [Termination (ms): Min: 0.0, Avg: 0.3, Max: 0.5, Diff: 0.5, Sum: 7.5]
         [Termination Attempts: Min: 1, Avg: 1.0, Max: 1, Diff: 0, Sum: 28]
      [GC Worker Other (ms): Min: 0.0, Avg: 0.0, Max: 0.0, Diff: 0.0, Sum: 0.5]
      [GC Worker Total (ms): Min: 4.4, Avg: 4.9, Max: 5.3, Diff: 0.8, Sum: 137.3]
      [GC Worker End (ms): Min: 974.5, Avg: 974.6, Max: 974.8, Diff: 0.2]
   [Code Root Fixup: 0.0 ms]
   [Code Root Purge: 0.0 ms]
   [Clear CT: 1.0 ms]
   [Other: 2.7 ms]
      [Choose CSet: 0.0 ms]
      [Ref Proc: 1.3 ms]
      [Ref Enq: 0.0 ms]
      [Redirty Cards: 0.9 ms]
      [Humongous Register: 0.2 ms]
      [Humongous Reclaim: 0.0 ms]
      [Free CSet: 0.1 ms]
   [Eden: 21.0M(21.0M)->0.0B(65.0M) Survivors: 4096.0K->4096.0K Heap: 355.1M(512.0M)->323.8M(512.0M)]
 [Times: user=0.14 sys=0.01, real=0.01 secs] 
2021-01-22T10:20:07.988+0800: 0.982: [GC pause (G1 Humongous Allocation) (young) (initial-mark), 0.0053927 secs]
   [Parallel Time: 1.9 ms, GC Workers: 28]
      [GC Worker Start (ms): Min: 982.1, Avg: 982.4, Max: 982.7, Diff: 0.6]
      [Ext Root Scanning (ms): Min: 0.1, Avg: 0.5, Max: 0.7, Diff: 0.6, Sum: 12.8]
      [Update RS (ms): Min: 0.0, Avg: 0.1, Max: 0.3, Diff: 0.3, Sum: 3.7]
         [Processed Buffers: Min: 0, Avg: 0.8, Max: 2, Diff: 2, Sum: 22]
      [Scan RS (ms): Min: 0.0, Avg: 0.0, Max: 0.0, Diff: 0.0, Sum: 0.1]
      [Code Root Scanning (ms): Min: 0.0, Avg: 0.0, Max: 0.0, Diff: 0.0, Sum: 0.0]
      [Object Copy (ms): Min: 0.1, Avg: 0.4, Max: 0.6, Diff: 0.5, Sum: 11.3]
      [Termination (ms): Min: 0.0, Avg: 0.2, Max: 0.4, Diff: 0.4, Sum: 6.2]
         [Termination Attempts: Min: 1, Avg: 1.0, Max: 1, Diff: 0, Sum: 28]
      [GC Worker Other (ms): Min: 0.0, Avg: 0.0, Max: 0.0, Diff: 0.0, Sum: 0.5]
      [GC Worker Total (ms): Min: 0.9, Avg: 1.2, Max: 1.5, Diff: 0.6, Sum: 34.7]
      [GC Worker End (ms): Min: 983.6, Avg: 983.7, Max: 983.8, Diff: 0.2]
   [Code Root Fixup: 0.0 ms]
   [Code Root Purge: 0.0 ms]
   [Clear CT: 1.1 ms]
   [Other: 2.3 ms]
      [Choose CSet: 0.0 ms]
      [Ref Proc: 1.0 ms]
      [Ref Enq: 0.0 ms]
      [Redirty Cards: 0.9 ms]
      [Humongous Register: 0.2 ms]
      [Humongous Reclaim: 0.0 ms]
      [Free CSet: 0.1 ms]
   [Eden: 14.0M(65.0M)->0.0B(63.0M) Survivors: 4096.0K->7168.0K Heap: 337.0M(512.0M)->326.7M(512.0M)]
 [Times: user=0.05 sys=0.00, real=0.00 secs] 
2021-01-22T10:20:07.993+0800: 0.988: [GC concurrent-root-region-scan-start]
2021-01-22T10:20:07.993+0800: 0.988: [GC concurrent-root-region-scan-end, 0.0002786 secs]
2021-01-22T10:20:07.993+0800: 0.988: [GC concurrent-mark-start]
2021-01-22T10:20:07.997+0800: 0.992: [GC concurrent-mark-end, 0.0038904 secs]
2021-01-22T10:20:07.998+0800: 0.992: [GC remark 2021-01-22T10:20:07.998+0800: 0.992: [Finalize Marking, 0.0013988 secs] 2021-01-22T10:20:07.999+0800: 0.993: [GC ref-proc, 0.0025128 secs] 2021-01-22T10:20:08.002+0800: 0.996: [Unloading, 0.0026422 secs], 0.0077585 secs]
 [Times: user=0.06 sys=0.00, real=0.01 secs] 
2021-01-22T10:20:08.006+0800: 1.000: [GC cleanup 348M->348M(512M), 0.0045074 secs]
 [Times: user=0.03 sys=0.00, real=0.00 secs] 
2021-01-22T10:20:08.022+0800: 1.016: [GC pause (G1 Evacuation Pause) (young), 0.0112202 secs]
   [Parallel Time: 7.5 ms, GC Workers: 28]
      [GC Worker Start (ms): Min: 1016.4, Avg: 1016.6, Max: 1017.0, Diff: 0.6]
      [Ext Root Scanning (ms): Min: 0.1, Avg: 0.4, Max: 0.7, Diff: 0.6, Sum: 11.1]
      [Update RS (ms): Min: 3.7, Avg: 4.0, Max: 4.2, Diff: 0.5, Sum: 110.8]
         [Processed Buffers: Min: 3, Avg: 3.4, Max: 4, Diff: 1, Sum: 96]
      [Scan RS (ms): Min: 0.0, Avg: 0.0, Max: 0.1, Diff: 0.0, Sum: 0.5]
      [Code Root Scanning (ms): Min: 0.0, Avg: 0.0, Max: 0.0, Diff: 0.0, Sum: 0.0]
      [Object Copy (ms): Min: 1.7, Avg: 2.0, Max: 2.3, Diff: 0.6, Sum: 56.9]
      [Termination (ms): Min: 0.0, Avg: 0.3, Max: 0.5, Diff: 0.5, Sum: 7.2]
         [Termination Attempts: Min: 1, Avg: 1.0, Max: 1, Diff: 0, Sum: 28]
      [GC Worker Other (ms): Min: 0.0, Avg: 0.0, Max: 0.1, Diff: 0.0, Sum: 0.6]
      [GC Worker Total (ms): Min: 6.4, Avg: 6.7, Max: 7.0, Diff: 0.6, Sum: 187.0]
      [GC Worker End (ms): Min: 1023.2, Avg: 1023.3, Max: 1023.5, Diff: 0.2]
   [Code Root Fixup: 0.0 ms]
   [Code Root Purge: 0.0 ms]
   [Clear CT: 0.9 ms]
   [Other: 2.8 ms]
      [Choose CSet: 0.0 ms]
      [Ref Proc: 1.2 ms]
      [Ref Enq: 0.0 ms]
      [Redirty Cards: 0.9 ms]
      [Humongous Register: 0.2 ms]
      [Humongous Reclaim: 0.1 ms]
      [Free CSet: 0.2 ms]
   [Eden: 63.0M(63.0M)->0.0B(16.0M) Survivors: 7168.0K->9216.0K Heap: 407.5M(512.0M)->346.7M(512.0M)]
 [Times: user=0.20 sys=0.00, real=0.01 secs] 
2021-01-22T10:20:08.037+0800: 1.031: [GC pause (G1 Evacuation Pause) (mixed), 0.0088780 secs]
   [Parallel Time: 5.0 ms, GC Workers: 28]
      [GC Worker Start (ms): Min: 1031.8, Avg: 1032.1, Max: 1032.5, Diff: 0.7]
      [Ext Root Scanning (ms): Min: 0.1, Avg: 0.4, Max: 0.7, Diff: 0.7, Sum: 12.1]
      [Update RS (ms): Min: 0.1, Avg: 0.7, Max: 1.0, Diff: 0.9, Sum: 20.2]
         [Processed Buffers: Min: 0, Avg: 1.4, Max: 3, Diff: 3, Sum: 38]
      [Scan RS (ms): Min: 0.0, Avg: 0.0, Max: 0.2, Diff: 0.2, Sum: 1.0]
      [Code Root Scanning (ms): Min: 0.0, Avg: 0.0, Max: 0.0, Diff: 0.0, Sum: 0.0]
      [Object Copy (ms): Min: 2.4, Avg: 2.9, Max: 3.6, Diff: 1.2, Sum: 80.2]
      [Termination (ms): Min: 0.0, Avg: 0.3, Max: 0.6, Diff: 0.6, Sum: 8.8]
         [Termination Attempts: Min: 1, Avg: 1.0, Max: 1, Diff: 0, Sum: 28]
      [GC Worker Other (ms): Min: 0.0, Avg: 0.0, Max: 0.0, Diff: 0.0, Sum: 0.6]
      [GC Worker Total (ms): Min: 4.0, Avg: 4.4, Max: 4.7, Diff: 0.7, Sum: 122.8]
      [GC Worker End (ms): Min: 1036.4, Avg: 1036.5, Max: 1036.7, Diff: 0.3]
   [Code Root Fixup: 0.0 ms]
   [Code Root Purge: 0.0 ms]
   [Clear CT: 1.0 ms]
   [Other: 2.9 ms]
      [Choose CSet: 0.0 ms]
      [Ref Proc: 1.3 ms]
      [Ref Enq: 0.0 ms]
      [Redirty Cards: 0.9 ms]
      [Humongous Register: 0.2 ms]
      [Humongous Reclaim: 0.0 ms]
      [Free CSet: 0.2 ms]
   [Eden: 16.0M(16.0M)->0.0B(60.0M) Survivors: 9216.0K->4096.0K Heap: 365.2M(512.0M)->328.9M(512.0M)]
 [Times: user=0.13 sys=0.01, real=0.01 secs] 
2021-01-22T10:20:08.047+0800: 1.041: [GC pause (G1 Humongous Allocation) (young) (initial-mark), 0.0054523 secs]
   [Parallel Time: 1.8 ms, GC Workers: 28]
      [GC Worker Start (ms): Min: 1041.3, Avg: 1041.6, Max: 1041.9, Diff: 0.6]
      [Ext Root Scanning (ms): Min: 0.1, Avg: 0.5, Max: 0.8, Diff: 0.6, Sum: 13.8]
      [Update RS (ms): Min: 0.0, Avg: 0.1, Max: 0.3, Diff: 0.3, Sum: 2.7]
         [Processed Buffers: Min: 0, Avg: 0.8, Max: 2, Diff: 2, Sum: 23]
      [Scan RS (ms): Min: 0.0, Avg: 0.0, Max: 0.0, Diff: 0.0, Sum: 0.1]
      [Code Root Scanning (ms): Min: 0.0, Avg: 0.0, Max: 0.0, Diff: 0.0, Sum: 0.0]
      [Object Copy (ms): Min: 0.0, Avg: 0.2, Max: 0.5, Diff: 0.5, Sum: 4.4]
      [Termination (ms): Min: 0.0, Avg: 0.4, Max: 0.7, Diff: 0.7, Sum: 11.0]
         [Termination Attempts: Min: 1, Avg: 1.1, Max: 2, Diff: 1, Sum: 30]
      [GC Worker Other (ms): Min: 0.0, Avg: 0.0, Max: 0.0, Diff: 0.0, Sum: 0.5]
      [GC Worker Total (ms): Min: 0.8, Avg: 1.2, Max: 1.5, Diff: 0.7, Sum: 32.5]
      [GC Worker End (ms): Min: 1042.6, Avg: 1042.7, Max: 1043.0, Diff: 0.3]
   [Code Root Fixup: 0.0 ms]
   [Code Root Purge: 0.0 ms]
   [Clear CT: 1.1 ms]
   [Other: 2.6 ms]
      [Choose CSet: 0.0 ms]
      [Ref Proc: 1.2 ms]
      [Ref Enq: 0.0 ms]
      [Redirty Cards: 0.9 ms]
      [Humongous Register: 0.2 ms]
      [Humongous Reclaim: 0.0 ms]
      [Free CSet: 0.1 ms]
   [Eden: 1024.0K(60.0M)->0.0B(59.0M) Survivors: 4096.0K->5120.0K Heap: 329.5M(512.0M)->329.0M(512.0M)]
 [Times: user=0.04 sys=0.00, real=0.00 secs] 
2021-01-22T10:20:08.052+0800: 1.047: [GC concurrent-root-region-scan-start]
2021-01-22T10:20:08.053+0800: 1.047: [GC concurrent-root-region-scan-end, 0.0002793 secs]
2021-01-22T10:20:08.053+0800: 1.047: [GC concurrent-mark-start]
2021-01-22T10:20:08.056+0800: 1.051: [GC concurrent-mark-end, 0.0037169 secs]
2021-01-22T10:20:08.057+0800: 1.051: [GC remark 2021-01-22T10:20:08.057+0800: 1.051: [Finalize Marking, 0.0015473 secs] 2021-01-22T10:20:08.058+0800: 1.052: [GC ref-proc, 0.0031632 secs] 2021-01-22T10:20:08.061+0800: 1.056: [Unloading, 0.0027427 secs], 0.0089021 secs]
 [Times: user=0.07 sys=0.00, real=0.01 secs] 
2021-01-22T10:20:08.066+0800: 1.060: [GC cleanup 350M->350M(512M), 0.0042537 secs]
 [Times: user=0.03 sys=0.01, real=0.00 secs] 
2021-01-22T10:20:08.081+0800: 1.076: [GC pause (G1 Evacuation Pause) (young), 0.0121213 secs]
   [Parallel Time: 8.2 ms, GC Workers: 28]
      [GC Worker Start (ms): Min: 1076.1, Avg: 1076.4, Max: 1076.8, Diff: 0.7]
      [Ext Root Scanning (ms): Min: 0.0, Avg: 0.3, Max: 0.7, Diff: 0.7, Sum: 9.1]
      [Update RS (ms): Min: 4.4, Avg: 4.8, Max: 5.0, Diff: 0.6, Sum: 133.0]
         [Processed Buffers: Min: 3, Avg: 4.5, Max: 6, Diff: 3, Sum: 125]
      [Scan RS (ms): Min: 0.0, Avg: 0.0, Max: 0.0, Diff: 0.0, Sum: 0.4]
      [Code Root Scanning (ms): Min: 0.0, Avg: 0.0, Max: 0.0, Diff: 0.0, Sum: 0.0]
      [Object Copy (ms): Min: 1.3, Avg: 1.6, Max: 1.9, Diff: 0.6, Sum: 45.0]
      [Termination (ms): Min: 0.0, Avg: 0.4, Max: 0.8, Diff: 0.8, Sum: 9.9]
         [Termination Attempts: Min: 1, Avg: 1.0, Max: 1, Diff: 0, Sum: 28]
      [GC Worker Other (ms): Min: 0.0, Avg: 0.0, Max: 0.0, Diff: 0.0, Sum: 0.6]
      [GC Worker Total (ms): Min: 6.7, Avg: 7.1, Max: 7.4, Diff: 0.8, Sum: 198.0]
      [GC Worker End (ms): Min: 1083.4, Avg: 1083.5, Max: 1083.8, Diff: 0.4]
   [Code Root Fixup: 0.0 ms]
   [Code Root Purge: 0.0 ms]
   [Clear CT: 1.4 ms]
   [Other: 2.5 ms]
      [Choose CSet: 0.0 ms]
      [Ref Proc: 1.0 ms]
      [Ref Enq: 0.0 ms]
      [Redirty Cards: 0.9 ms]
      [Humongous Register: 0.3 ms]
      [Humongous Reclaim: 0.1 ms]
      [Free CSet: 0.2 ms]
   [Eden: 59.0M(59.0M)->0.0B(17.0M) Survivors: 5120.0K->8192.0K Heap: 402.2M(512.0M)->344.7M(512.0M)]
 [Times: user=0.21 sys=0.00, real=0.01 secs] 
2021-01-22T10:20:08.099+0800: 1.093: [GC pause (G1 Evacuation Pause) (mixed), 0.0104059 secs]
   [Parallel Time: 6.5 ms, GC Workers: 28]
      [GC Worker Start (ms): Min: 1093.3, Avg: 1093.7, Max: 1094.2, Diff: 0.9]
      [Ext Root Scanning (ms): Min: 0.0, Avg: 0.5, Max: 0.8, Diff: 0.8, Sum: 12.8]
      [Update RS (ms): Min: 1.4, Avg: 1.7, Max: 2.1, Diff: 0.7, Sum: 48.3]
         [Processed Buffers: Min: 1, Avg: 2.2, Max: 5, Diff: 4, Sum: 61]
      [Scan RS (ms): Min: 0.0, Avg: 0.0, Max: 0.1, Diff: 0.1, Sum: 1.0]
      [Code Root Scanning (ms): Min: 0.0, Avg: 0.0, Max: 0.0, Diff: 0.0, Sum: 0.0]
      [Object Copy (ms): Min: 2.6, Avg: 3.0, Max: 3.4, Diff: 0.8, Sum: 84.3]
      [Termination (ms): Min: 0.0, Avg: 0.3, Max: 0.4, Diff: 0.4, Sum: 7.9]
         [Termination Attempts: Min: 1, Avg: 1.0, Max: 1, Diff: 0, Sum: 28]
      [GC Worker Other (ms): Min: 0.0, Avg: 0.0, Max: 0.0, Diff: 0.0, Sum: 0.5]
      [GC Worker Total (ms): Min: 4.9, Avg: 5.5, Max: 6.0, Diff: 1.0, Sum: 154.7]
      [GC Worker End (ms): Min: 1099.1, Avg: 1099.2, Max: 1099.3, Diff: 0.2]
   [Code Root Fixup: 0.0 ms]
   [Code Root Purge: 0.0 ms]
   [Clear CT: 1.3 ms]
   [Other: 2.7 ms]
      [Choose CSet: 0.0 ms]
      [Ref Proc: 1.0 ms]
      [Ref Enq: 0.0 ms]
      [Redirty Cards: 0.9 ms]
      [Humongous Register: 0.3 ms]
      [Humongous Reclaim: 0.0 ms]
      [Free CSet: 0.2 ms]
   [Eden: 17.0M(17.0M)->0.0B(58.0M) Survivors: 8192.0K->4096.0K Heap: 367.0M(512.0M)->330.0M(512.0M)]
 [Times: user=0.16 sys=0.01, real=0.01 secs] 
2021-01-22T10:20:08.110+0800: 1.104: [GC pause (G1 Humongous Allocation) (young) (initial-mark), 0.0054358 secs]
   [Parallel Time: 1.7 ms, GC Workers: 28]
      [GC Worker Start (ms): Min: 1104.3, Avg: 1104.7, Max: 1105.0, Diff: 0.6]
      [Ext Root Scanning (ms): Min: 0.2, Avg: 0.5, Max: 0.8, Diff: 0.6, Sum: 13.6]
      [Update RS (ms): Min: 0.1, Avg: 0.2, Max: 0.4, Diff: 0.3, Sum: 4.8]
         [Processed Buffers: Min: 0, Avg: 0.9, Max: 3, Diff: 3, Sum: 26]
      [Scan RS (ms): Min: 0.0, Avg: 0.0, Max: 0.0, Diff: 0.0, Sum: 0.1]
      [Code Root Scanning (ms): Min: 0.0, Avg: 0.0, Max: 0.0, Diff: 0.0, Sum: 0.0]
      [Object Copy (ms): Min: 0.0, Avg: 0.1, Max: 0.4, Diff: 0.4, Sum: 4.0]
      [Termination (ms): Min: 0.0, Avg: 0.3, Max: 0.5, Diff: 0.5, Sum: 7.7]
         [Termination Attempts: Min: 1, Avg: 1.1, Max: 2, Diff: 1, Sum: 32]
      [GC Worker Other (ms): Min: 0.0, Avg: 0.0, Max: 0.0, Diff: 0.0, Sum: 0.5]
      [GC Worker Total (ms): Min: 0.8, Avg: 1.1, Max: 1.5, Diff: 0.6, Sum: 30.8]
      [GC Worker End (ms): Min: 1105.7, Avg: 1105.8, Max: 1105.8, Diff: 0.2]
   [Code Root Fixup: 0.0 ms]
   [Code Root Purge: 0.0 ms]
   [Clear CT: 1.3 ms]
   [Other: 2.5 ms]
      [Choose CSet: 0.0 ms]
      [Ref Proc: 1.1 ms]
      [Ref Enq: 0.0 ms]
      [Redirty Cards: 1.0 ms]
      [Humongous Register: 0.2 ms]
      [Humongous Reclaim: 0.0 ms]
      [Free CSet: 0.1 ms]
   [Eden: 1024.0K(58.0M)->0.0B(58.0M) Survivors: 4096.0K->4096.0K Heap: 330.7M(512.0M)->330.4M(512.0M)]
 [Times: user=0.04 sys=0.00, real=0.01 secs] 
2021-01-22T10:20:08.115+0800: 1.110: [GC concurrent-root-region-scan-start]
2021-01-22T10:20:08.116+0800: 1.110: [GC concurrent-root-region-scan-end, 0.0002868 secs]
2021-01-22T10:20:08.116+0800: 1.110: [GC concurrent-mark-start]
2021-01-22T10:20:08.120+0800: 1.114: [GC concurrent-mark-end, 0.0041788 secs]
2021-01-22T10:20:08.120+0800: 1.114: [GC remark 2021-01-22T10:20:08.120+0800: 1.114: [Finalize Marking, 0.0010730 secs] 2021-01-22T10:20:08.121+0800: 1.115: [GC ref-proc, 0.0031525 secs] 2021-01-22T10:20:08.124+0800: 1.119: [Unloading, 0.0023310 secs], 0.0086282 secs]
 [Times: user=0.07 sys=0.00, real=0.01 secs] 
2021-01-22T10:20:08.129+0800: 1.123: [GC cleanup 353M->353M(512M), 0.0047322 secs]
 [Times: user=0.04 sys=0.01, real=0.00 secs] 
2021-01-22T10:20:08.144+0800: 1.138: [GC pause (G1 Evacuation Pause) (young), 0.0112615 secs]
   [Parallel Time: 7.3 ms, GC Workers: 28]
      [GC Worker Start (ms): Min: 1138.2, Avg: 1138.5, Max: 1138.8, Diff: 0.7]
      [Ext Root Scanning (ms): Min: 0.0, Avg: 0.3, Max: 0.6, Diff: 0.6, Sum: 8.4]
      [Update RS (ms): Min: 3.6, Avg: 3.9, Max: 4.1, Diff: 0.5, Sum: 110.2]
         [Processed Buffers: Min: 3, Avg: 3.7, Max: 6, Diff: 3, Sum: 103]
      [Scan RS (ms): Min: 0.0, Avg: 0.0, Max: 0.1, Diff: 0.1, Sum: 0.4]
      [Code Root Scanning (ms): Min: 0.0, Avg: 0.0, Max: 0.0, Diff: 0.0, Sum: 0.0]
      [Object Copy (ms): Min: 1.2, Avg: 1.6, Max: 2.0, Diff: 0.8, Sum: 44.6]
      [Termination (ms): Min: 0.0, Avg: 0.3, Max: 0.8, Diff: 0.8, Sum: 9.4]
         [Termination Attempts: Min: 1, Avg: 1.0, Max: 1, Diff: 0, Sum: 28]
      [GC Worker Other (ms): Min: 0.0, Avg: 0.0, Max: 0.0, Diff: 0.0, Sum: 0.6]
      [GC Worker Total (ms): Min: 5.8, Avg: 6.2, Max: 6.6, Diff: 0.7, Sum: 173.5]
      [GC Worker End (ms): Min: 1144.6, Avg: 1144.7, Max: 1145.0, Diff: 0.4]
   [Code Root Fixup: 0.0 ms]
   [Code Root Purge: 0.0 ms]
   [Clear CT: 1.0 ms]
   [Other: 3.0 ms]
      [Choose CSet: 0.0 ms]
      [Ref Proc: 1.4 ms]
      [Ref Enq: 0.0 ms]
      [Redirty Cards: 1.0 ms]
      [Humongous Register: 0.3 ms]
      [Humongous Reclaim: 0.1 ms]
      [Free CSet: 0.2 ms]
   [Eden: 58.0M(58.0M)->0.0B(17.0M) Survivors: 4096.0K->8192.0K Heap: 399.8M(512.0M)->347.8M(512.0M)]
 [Times: user=0.18 sys=0.00, real=0.02 secs] 
Heap
 garbage-first heap   total 524288K, used 356104K [0x00000000e0000000, 0x00000000e0101000, 0x0000000100000000)
  region size 1024K, 9 young (9216K), 8 survivors (8192K)
 Metaspace       used 2535K, capacity 4486K, committed 4864K, reserved 1056768K
  class space    used 273K, capacity 386K, committed 512K, reserved 1048576K
