Java HotSpot(TM) 64-Bit Server VM (25.202-b08) for linux-amd64 JRE (1.8.0_202-b08), built on Dec 15 2018 12:40:22 by "java_re" with gcc 7.3.0
Memory: 4k page, physical 263593784k(227333884k free), swap 67108860k(67108860k free)
CommandLine flags: -XX:InitialHeapSize=4294967296 -XX:MaxHeapSize=4294967296 -XX:+PrintGC -XX:+PrintGCDateStamps -XX:+PrintGCDetails -XX:+PrintGCTimeStamps -XX:+UseCompressedClassPointers -XX:+UseCompressedOops -XX:+UseG1GC 
2021-01-22T11:26:49.524+0800: 0.382: [GC pause (G1 Evacuation Pause) (young), 0.0169663 secs]
   [Parallel Time: 12.6 ms, GC Workers: 28]
      [GC Worker Start (ms): Min: 382.3, Avg: 383.1, Max: 384.1, Diff: 1.8]
      [Ext Root Scanning (ms): Min: 0.0, Avg: 0.3, Max: 0.8, Diff: 0.8, Sum: 9.2]
      [Update RS (ms): Min: 0.0, Avg: 0.0, Max: 0.0, Diff: 0.0, Sum: 0.0]
         [Processed Buffers: Min: 0, Avg: 0.0, Max: 0, Diff: 0, Sum: 0]
      [Scan RS (ms): Min: 0.0, Avg: 0.0, Max: 0.1, Diff: 0.1, Sum: 0.7]
      [Code Root Scanning (ms): Min: 0.0, Avg: 0.0, Max: 0.1, Diff: 0.1, Sum: 0.1]
      [Object Copy (ms): Min: 8.4, Avg: 9.3, Max: 10.2, Diff: 1.8, Sum: 260.3]
      [Termination (ms): Min: 0.0, Avg: 1.5, Max: 2.3, Diff: 2.3, Sum: 43.1]
         [Termination Attempts: Min: 1, Avg: 1.0, Max: 2, Diff: 1, Sum: 29]
      [GC Worker Other (ms): Min: 0.0, Avg: 0.0, Max: 0.0, Diff: 0.0, Sum: 0.6]
      [GC Worker Total (ms): Min: 10.0, Avg: 11.2, Max: 12.4, Diff: 2.4, Sum: 314.1]
      [GC Worker End (ms): Min: 394.0, Avg: 394.3, Max: 394.7, Diff: 0.7]
   [Code Root Fixup: 0.0 ms]
   [Code Root Purge: 0.0 ms]
   [Clear CT: 0.7 ms]
   [Other: 3.6 ms]
      [Choose CSet: 0.0 ms]
      [Ref Proc: 1.9 ms]
      [Ref Enq: 0.0 ms]
      [Redirty Cards: 0.8 ms]
      [Humongous Register: 0.1 ms]
      [Humongous Reclaim: 0.0 ms]
      [Free CSet: 0.2 ms]
   [Eden: 204.0M(204.0M)->0.0B(178.0M) Survivors: 0.0B->26.0M Heap: 204.0M(4096.0M)->65.4M(4096.0M)]
 [Times: user=0.12 sys=0.17, real=0.02 secs] 
2021-01-22T11:26:49.582+0800: 0.440: [GC pause (G1 Evacuation Pause) (young), 0.0144085 secs]
   [Parallel Time: 10.6 ms, GC Workers: 28]
      [GC Worker Start (ms): Min: 440.1, Avg: 440.4, Max: 440.7, Diff: 0.5]
      [Ext Root Scanning (ms): Min: 0.1, Avg: 0.4, Max: 0.6, Diff: 0.5, Sum: 9.9]
      [Update RS (ms): Min: 0.0, Avg: 0.0, Max: 0.1, Diff: 0.1, Sum: 0.2]
         [Processed Buffers: Min: 0, Avg: 0.5, Max: 3, Diff: 3, Sum: 15]
      [Scan RS (ms): Min: 0.0, Avg: 0.0, Max: 0.1, Diff: 0.1, Sum: 0.9]
      [Code Root Scanning (ms): Min: 0.0, Avg: 0.0, Max: 0.1, Diff: 0.1, Sum: 0.1]
      [Object Copy (ms): Min: 7.7, Avg: 8.2, Max: 9.0, Diff: 1.2, Sum: 228.4]
      [Termination (ms): Min: 0.0, Avg: 1.0, Max: 1.6, Diff: 1.6, Sum: 28.7]
         [Termination Attempts: Min: 1, Avg: 1.0, Max: 1, Diff: 0, Sum: 28]
      [GC Worker Other (ms): Min: 0.0, Avg: 0.0, Max: 0.0, Diff: 0.0, Sum: 0.3]
      [GC Worker Total (ms): Min: 9.2, Avg: 9.6, Max: 10.2, Diff: 1.0, Sum: 268.6]
      [GC Worker End (ms): Min: 449.7, Avg: 450.0, Max: 450.4, Diff: 0.7]
   [Code Root Fixup: 0.0 ms]
   [Code Root Purge: 0.0 ms]
   [Clear CT: 0.8 ms]
   [Other: 3.0 ms]
      [Choose CSet: 0.0 ms]
      [Ref Proc: 1.3 ms]
      [Ref Enq: 0.0 ms]
      [Redirty Cards: 0.9 ms]
      [Humongous Register: 0.1 ms]
      [Humongous Reclaim: 0.0 ms]
      [Free CSet: 0.2 ms]
   [Eden: 178.0M(178.0M)->0.0B(178.0M) Survivors: 26.0M->26.0M Heap: 243.4M(4096.0M)->117.0M(4096.0M)]
 [Times: user=0.14 sys=0.14, real=0.02 secs] 
2021-01-22T11:26:49.633+0800: 0.491: [GC pause (G1 Evacuation Pause) (young), 0.0147161 secs]
   [Parallel Time: 11.3 ms, GC Workers: 28]
      [GC Worker Start (ms): Min: 490.9, Avg: 491.2, Max: 491.5, Diff: 0.6]
      [Ext Root Scanning (ms): Min: 0.0, Avg: 0.3, Max: 0.6, Diff: 0.6, Sum: 9.7]
      [Update RS (ms): Min: 0.1, Avg: 0.2, Max: 1.7, Diff: 1.6, Sum: 5.0]
         [Processed Buffers: Min: 0, Avg: 1.0, Max: 4, Diff: 4, Sum: 28]
      [Scan RS (ms): Min: 0.0, Avg: 0.0, Max: 0.1, Diff: 0.1, Sum: 0.9]
      [Code Root Scanning (ms): Min: 0.0, Avg: 0.0, Max: 0.0, Diff: 0.0, Sum: 0.0]
      [Object Copy (ms): Min: 7.0, Avg: 8.7, Max: 9.8, Diff: 2.7, Sum: 244.9]
      [Termination (ms): Min: 0.0, Avg: 1.2, Max: 1.9, Diff: 1.9, Sum: 32.3]
         [Termination Attempts: Min: 1, Avg: 1.0, Max: 1, Diff: 0, Sum: 28]
      [GC Worker Other (ms): Min: 0.0, Avg: 0.0, Max: 0.0, Diff: 0.0, Sum: 0.5]
      [GC Worker Total (ms): Min: 10.0, Avg: 10.5, Max: 11.1, Diff: 1.1, Sum: 293.4]
      [GC Worker End (ms): Min: 501.5, Avg: 501.7, Max: 502.1, Diff: 0.6]
   [Code Root Fixup: 0.0 ms]
   [Code Root Purge: 0.0 ms]
   [Clear CT: 1.0 ms]
   [Other: 2.4 ms]
      [Choose CSet: 0.0 ms]
      [Ref Proc: 0.9 ms]
      [Ref Enq: 0.0 ms]
      [Redirty Cards: 0.7 ms]
      [Humongous Register: 0.1 ms]
      [Humongous Reclaim: 0.0 ms]
      [Free CSet: 0.2 ms]
   [Eden: 178.0M(178.0M)->0.0B(178.0M) Survivors: 26.0M->26.0M Heap: 295.0M(4096.0M)->170.6M(4096.0M)]
 [Times: user=0.12 sys=0.19, real=0.02 secs] 
2021-01-22T11:26:49.683+0800: 0.541: [GC pause (G1 Evacuation Pause) (young), 0.0141923 secs]
   [Parallel Time: 10.9 ms, GC Workers: 28]
      [GC Worker Start (ms): Min: 541.4, Avg: 541.7, Max: 542.1, Diff: 0.7]
      [Ext Root Scanning (ms): Min: 0.0, Avg: 0.5, Max: 2.3, Diff: 2.3, Sum: 13.2]
      [Update RS (ms): Min: 0.0, Avg: 0.1, Max: 0.3, Diff: 0.3, Sum: 3.6]
         [Processed Buffers: Min: 0, Avg: 1.0, Max: 3, Diff: 3, Sum: 27]
      [Scan RS (ms): Min: 0.0, Avg: 0.0, Max: 0.1, Diff: 0.1, Sum: 0.8]
      [Code Root Scanning (ms): Min: 0.0, Avg: 0.0, Max: 0.0, Diff: 0.0, Sum: 0.0]
      [Object Copy (ms): Min: 6.0, Avg: 8.1, Max: 9.1, Diff: 3.1, Sum: 226.4]
      [Termination (ms): Min: 0.0, Avg: 1.3, Max: 1.9, Diff: 1.9, Sum: 37.7]
         [Termination Attempts: Min: 1, Avg: 1.0, Max: 1, Diff: 0, Sum: 28]
      [GC Worker Other (ms): Min: 0.0, Avg: 0.0, Max: 0.1, Diff: 0.1, Sum: 0.6]
      [GC Worker Total (ms): Min: 9.5, Avg: 10.1, Max: 10.5, Diff: 1.1, Sum: 282.2]
      [GC Worker End (ms): Min: 551.5, Avg: 551.8, Max: 552.1, Diff: 0.6]
   [Code Root Fixup: 0.0 ms]
   [Code Root Purge: 0.0 ms]
   [Clear CT: 0.7 ms]
   [Other: 2.6 ms]
      [Choose CSet: 0.0 ms]
      [Ref Proc: 1.0 ms]
      [Ref Enq: 0.0 ms]
      [Redirty Cards: 0.7 ms]
      [Humongous Register: 0.1 ms]
      [Humongous Reclaim: 0.0 ms]
      [Free CSet: 0.2 ms]
   [Eden: 178.0M(178.0M)->0.0B(178.0M) Survivors: 26.0M->26.0M Heap: 348.6M(4096.0M)->226.8M(4096.0M)]
 [Times: user=0.13 sys=0.16, real=0.02 secs] 
2021-01-22T11:26:49.735+0800: 0.593: [GC pause (G1 Evacuation Pause) (young), 0.0130306 secs]
   [Parallel Time: 9.8 ms, GC Workers: 28]
      [GC Worker Start (ms): Min: 593.0, Avg: 593.3, Max: 593.6, Diff: 0.6]
      [Ext Root Scanning (ms): Min: 0.1, Avg: 0.4, Max: 0.6, Diff: 0.6, Sum: 10.4]
      [Update RS (ms): Min: 0.0, Avg: 0.1, Max: 0.3, Diff: 0.3, Sum: 3.6]
         [Processed Buffers: Min: 0, Avg: 0.9, Max: 3, Diff: 3, Sum: 24]
      [Scan RS (ms): Min: 0.0, Avg: 0.0, Max: 0.1, Diff: 0.1, Sum: 0.7]
      [Code Root Scanning (ms): Min: 0.0, Avg: 0.0, Max: 0.0, Diff: 0.0, Sum: 0.0]
      [Object Copy (ms): Min: 7.1, Avg: 7.6, Max: 8.4, Diff: 1.3, Sum: 212.9]
      [Termination (ms): Min: 0.0, Avg: 1.0, Max: 1.6, Diff: 1.6, Sum: 27.1]
         [Termination Attempts: Min: 1, Avg: 1.0, Max: 1, Diff: 0, Sum: 28]
      [GC Worker Other (ms): Min: 0.0, Avg: 0.0, Max: 0.2, Diff: 0.2, Sum: 0.7]
      [GC Worker Total (ms): Min: 8.8, Avg: 9.1, Max: 9.5, Diff: 0.7, Sum: 255.5]
      [GC Worker End (ms): Min: 602.2, Avg: 602.4, Max: 602.7, Diff: 0.5]
   [Code Root Fixup: 0.0 ms]
   [Code Root Purge: 0.0 ms]
   [Clear CT: 0.7 ms]
   [Other: 2.5 ms]
      [Choose CSet: 0.0 ms]
      [Ref Proc: 0.8 ms]
      [Ref Enq: 0.0 ms]
      [Redirty Cards: 0.9 ms]
      [Humongous Register: 0.1 ms]
      [Humongous Reclaim: 0.0 ms]
      [Free CSet: 0.2 ms]
   [Eden: 178.0M(178.0M)->0.0B(178.0M) Survivors: 26.0M->26.0M Heap: 404.8M(4096.0M)->282.8M(4096.0M)]
 [Times: user=0.12 sys=0.15, real=0.02 secs] 
2021-01-22T11:26:49.787+0800: 0.645: [GC pause (G1 Evacuation Pause) (young), 0.0145419 secs]
   [Parallel Time: 11.4 ms, GC Workers: 28]
      [GC Worker Start (ms): Min: 644.8, Avg: 645.1, Max: 645.4, Diff: 0.5]
      [Ext Root Scanning (ms): Min: 0.0, Avg: 0.3, Max: 0.6, Diff: 0.5, Sum: 9.4]
      [Update RS (ms): Min: 0.1, Avg: 0.1, Max: 0.2, Diff: 0.2, Sum: 2.9]
         [Processed Buffers: Min: 0, Avg: 0.8, Max: 4, Diff: 4, Sum: 22]
      [Scan RS (ms): Min: 0.0, Avg: 0.0, Max: 0.1, Diff: 0.0, Sum: 0.8]
      [Code Root Scanning (ms): Min: 0.0, Avg: 0.0, Max: 0.0, Diff: 0.0, Sum: 0.0]
      [Object Copy (ms): Min: 8.8, Avg: 9.1, Max: 9.9, Diff: 1.1, Sum: 255.7]
      [Termination (ms): Min: 0.0, Avg: 0.9, Max: 1.6, Diff: 1.6, Sum: 25.8]
         [Termination Attempts: Min: 1, Avg: 1.0, Max: 1, Diff: 0, Sum: 28]
      [GC Worker Other (ms): Min: 0.0, Avg: 0.0, Max: 0.1, Diff: 0.1, Sum: 0.6]
      [GC Worker Total (ms): Min: 10.1, Avg: 10.5, Max: 11.0, Diff: 0.8, Sum: 295.2]
      [GC Worker End (ms): Min: 655.4, Avg: 655.6, Max: 655.9, Diff: 0.5]
   [Code Root Fixup: 0.0 ms]
   [Code Root Purge: 0.0 ms]
   [Clear CT: 0.7 ms]
   [Other: 2.4 ms]
      [Choose CSet: 0.0 ms]
      [Ref Proc: 0.7 ms]
      [Ref Enq: 0.0 ms]
      [Redirty Cards: 0.9 ms]
      [Humongous Register: 0.1 ms]
      [Humongous Reclaim: 0.0 ms]
      [Free CSet: 0.2 ms]
   [Eden: 178.0M(178.0M)->0.0B(178.0M) Survivors: 26.0M->26.0M Heap: 460.8M(4096.0M)->342.1M(4096.0M)]
 [Times: user=0.13 sys=0.17, real=0.01 secs] 
2021-01-22T11:26:49.840+0800: 0.698: [GC pause (G1 Evacuation Pause) (young), 0.0136382 secs]
   [Parallel Time: 10.5 ms, GC Workers: 28]
      [GC Worker Start (ms): Min: 697.8, Avg: 698.1, Max: 698.4, Diff: 0.6]
      [Ext Root Scanning (ms): Min: 0.0, Avg: 0.3, Max: 0.6, Diff: 0.6, Sum: 8.7]
      [Update RS (ms): Min: 0.0, Avg: 0.2, Max: 0.3, Diff: 0.3, Sum: 4.3]
         [Processed Buffers: Min: 0, Avg: 1.0, Max: 4, Diff: 4, Sum: 28]
      [Scan RS (ms): Min: 0.0, Avg: 0.0, Max: 0.0, Diff: 0.0, Sum: 0.6]
      [Code Root Scanning (ms): Min: 0.0, Avg: 0.0, Max: 0.0, Diff: 0.0, Sum: 0.0]
      [Object Copy (ms): Min: 7.6, Avg: 8.1, Max: 8.9, Diff: 1.3, Sum: 226.3]
      [Termination (ms): Min: 0.0, Avg: 1.0, Max: 1.5, Diff: 1.5, Sum: 26.8]
         [Termination Attempts: Min: 1, Avg: 1.0, Max: 1, Diff: 0, Sum: 28]
      [GC Worker Other (ms): Min: 0.0, Avg: 0.0, Max: 0.2, Diff: 0.2, Sum: 0.6]
      [GC Worker Total (ms): Min: 9.2, Avg: 9.6, Max: 10.0, Diff: 0.8, Sum: 267.4]
      [GC Worker End (ms): Min: 707.5, Avg: 707.6, Max: 707.9, Diff: 0.5]
   [Code Root Fixup: 0.0 ms]
   [Code Root Purge: 0.0 ms]
   [Clear CT: 0.7 ms]
   [Other: 2.4 ms]
      [Choose CSet: 0.0 ms]
      [Ref Proc: 0.6 ms]
      [Ref Enq: 0.0 ms]
      [Redirty Cards: 1.0 ms]
      [Humongous Register: 0.1 ms]
      [Humongous Reclaim: 0.0 ms]
      [Free CSet: 0.2 ms]
   [Eden: 178.0M(178.0M)->0.0B(212.0M) Survivors: 26.0M->26.0M Heap: 520.1M(4096.0M)->404.1M(4096.0M)]
 [Times: user=0.10 sys=0.17, real=0.01 secs] 
2021-01-22T11:26:49.900+0800: 0.758: [GC pause (G1 Evacuation Pause) (young), 0.0168105 secs]
   [Parallel Time: 13.7 ms, GC Workers: 28]
      [GC Worker Start (ms): Min: 758.3, Avg: 758.6, Max: 758.8, Diff: 0.5]
      [Ext Root Scanning (ms): Min: 0.0, Avg: 0.3, Max: 0.5, Diff: 0.5, Sum: 8.6]
      [Update RS (ms): Min: 0.1, Avg: 0.2, Max: 0.3, Diff: 0.2, Sum: 4.6]
         [Processed Buffers: Min: 0, Avg: 1.0, Max: 6, Diff: 6, Sum: 29]
      [Scan RS (ms): Min: 0.0, Avg: 0.0, Max: 0.1, Diff: 0.1, Sum: 0.7]
      [Code Root Scanning (ms): Min: 0.0, Avg: 0.0, Max: 0.0, Diff: 0.0, Sum: 0.0]
      [Object Copy (ms): Min: 10.7, Avg: 11.2, Max: 12.1, Diff: 1.4, Sum: 314.5]
      [Termination (ms): Min: 0.0, Avg: 1.0, Max: 1.5, Diff: 1.5, Sum: 27.9]
         [Termination Attempts: Min: 1, Avg: 1.0, Max: 1, Diff: 0, Sum: 28]
      [GC Worker Other (ms): Min: 0.0, Avg: 0.0, Max: 0.0, Diff: 0.0, Sum: 0.4]
      [GC Worker Total (ms): Min: 12.4, Avg: 12.7, Max: 13.2, Diff: 0.9, Sum: 356.8]
      [GC Worker End (ms): Min: 771.1, Avg: 771.3, Max: 771.7, Diff: 0.5]
   [Code Root Fixup: 0.0 ms]
   [Code Root Purge: 0.0 ms]
   [Clear CT: 0.7 ms]
   [Other: 2.4 ms]
      [Choose CSet: 0.0 ms]
      [Ref Proc: 0.9 ms]
      [Ref Enq: 0.0 ms]
      [Redirty Cards: 0.8 ms]
      [Humongous Register: 0.1 ms]
      [Humongous Reclaim: 0.0 ms]
      [Free CSet: 0.2 ms]
   [Eden: 212.0M(212.0M)->0.0B(638.0M) Survivors: 26.0M->30.0M Heap: 616.1M(4096.0M)->474.5M(4096.0M)]
 [Times: user=0.09 sys=0.28, real=0.02 secs] 
2021-01-22T11:26:50.240+0800: 1.098: [GC pause (G1 Evacuation Pause) (young), 0.0321507 secs]
   [Parallel Time: 28.1 ms, GC Workers: 28]
      [GC Worker Start (ms): Min: 1098.0, Avg: 1098.3, Max: 1098.5, Diff: 0.6]
      [Ext Root Scanning (ms): Min: 0.0, Avg: 0.3, Max: 0.6, Diff: 0.6, Sum: 8.9]
      [Update RS (ms): Min: 0.1, Avg: 0.1, Max: 0.3, Diff: 0.2, Sum: 3.7]
         [Processed Buffers: Min: 0, Avg: 1.0, Max: 5, Diff: 5, Sum: 27]
      [Scan RS (ms): Min: 0.0, Avg: 0.1, Max: 0.2, Diff: 0.2, Sum: 3.1]
      [Code Root Scanning (ms): Min: 0.0, Avg: 0.0, Max: 0.0, Diff: 0.0, Sum: 0.0]
      [Object Copy (ms): Min: 24.9, Avg: 25.4, Max: 26.3, Diff: 1.4, Sum: 711.1]
      [Termination (ms): Min: 0.0, Avg: 1.1, Max: 1.7, Diff: 1.7, Sum: 31.6]
         [Termination Attempts: Min: 1, Avg: 1.0, Max: 1, Diff: 0, Sum: 28]
      [GC Worker Other (ms): Min: 0.0, Avg: 0.0, Max: 0.0, Diff: 0.0, Sum: 0.7]
      [GC Worker Total (ms): Min: 26.7, Avg: 27.1, Max: 27.6, Diff: 0.9, Sum: 759.3]
      [GC Worker End (ms): Min: 1125.2, Avg: 1125.4, Max: 1125.8, Diff: 0.6]
   [Code Root Fixup: 0.0 ms]
   [Code Root Purge: 0.0 ms]
   [Clear CT: 0.8 ms]
   [Other: 3.3 ms]
      [Choose CSet: 0.0 ms]
      [Ref Proc: 1.1 ms]
      [Ref Enq: 0.0 ms]
      [Redirty Cards: 0.9 ms]
      [Humongous Register: 0.1 ms]
      [Humongous Reclaim: 0.0 ms]
      [Free CSet: 0.6 ms]
   [Eden: 638.0M(638.0M)->0.0B(192.0M) Survivors: 30.0M->84.0M Heap: 1112.5M(4096.0M)->647.6M(4096.0M)]
 [Times: user=0.18 sys=0.59, real=0.03 secs] 
2021-01-22T11:26:50.316+0800: 1.174: [GC pause (G1 Evacuation Pause) (young), 0.0166594 secs]
   [Parallel Time: 13.2 ms, GC Workers: 28]
      [GC Worker Start (ms): Min: 1174.3, Avg: 1174.5, Max: 1174.8, Diff: 0.5]
      [Ext Root Scanning (ms): Min: 0.0, Avg: 0.3, Max: 0.5, Diff: 0.5, Sum: 8.3]
      [Update RS (ms): Min: 0.0, Avg: 0.1, Max: 0.3, Diff: 0.3, Sum: 3.5]
         [Processed Buffers: Min: 0, Avg: 1.0, Max: 5, Diff: 5, Sum: 29]
      [Scan RS (ms): Min: 0.0, Avg: 0.0, Max: 0.1, Diff: 0.1, Sum: 0.9]
      [Code Root Scanning (ms): Min: 0.0, Avg: 0.0, Max: 0.0, Diff: 0.0, Sum: 0.0]
      [Object Copy (ms): Min: 10.7, Avg: 10.9, Max: 11.7, Diff: 1.0, Sum: 306.5]
      [Termination (ms): Min: 0.0, Avg: 0.9, Max: 1.4, Diff: 1.4, Sum: 25.5]
         [Termination Attempts: Min: 1, Avg: 1.0, Max: 1, Diff: 0, Sum: 28]
      [GC Worker Other (ms): Min: 0.0, Avg: 0.0, Max: 0.0, Diff: 0.0, Sum: 0.4]
      [GC Worker Total (ms): Min: 12.0, Avg: 12.3, Max: 12.7, Diff: 0.7, Sum: 345.2]
      [GC Worker End (ms): Min: 1186.7, Avg: 1186.8, Max: 1187.1, Diff: 0.4]
   [Code Root Fixup: 0.0 ms]
   [Code Root Purge: 0.0 ms]
   [Clear CT: 0.7 ms]
   [Other: 2.7 ms]
      [Choose CSet: 0.0 ms]
      [Ref Proc: 0.9 ms]
      [Ref Enq: 0.0 ms]
      [Redirty Cards: 1.0 ms]
      [Humongous Register: 0.1 ms]
      [Humongous Reclaim: 0.0 ms]
      [Free CSet: 0.3 ms]
   [Eden: 192.0M(192.0M)->0.0B(430.0M) Survivors: 84.0M->36.0M Heap: 839.6M(4096.0M)->690.7M(4096.0M)]
 [Times: user=0.12 sys=0.23, real=0.01 secs] 
Heap
 garbage-first heap   total 4194304K, used 740023K [0x00000006c0000000, 0x00000006c0204000, 0x00000007c0000000)
  region size 2048K, 35 young (71680K), 18 survivors (36864K)
 Metaspace       used 2535K, capacity 4486K, committed 4864K, reserved 1056768K
  class space    used 273K, capacity 386K, committed 512K, reserved 1048576K
